  UPD     include/config/kernel.release
  GEN     ./Makefile
  WRAP    arch/arm64/include/generated/uapi/asm/errno.h
  WRAP    arch/arm64/include/generated/uapi/asm/ioctl.h
  WRAP    arch/arm64/include/generated/uapi/asm/ioctls.h
  WRAP    arch/arm64/include/generated/uapi/asm/ipcbuf.h
  WRAP    arch/arm64/include/generated/uapi/asm/kvm_para.h
  WRAP    arch/arm64/include/generated/uapi/asm/mman.h
  WRAP    arch/arm64/include/generated/uapi/asm/msgbuf.h
  WRAP    arch/arm64/include/generated/uapi/asm/poll.h
  WRAP    arch/arm64/include/generated/uapi/asm/resource.h
  WRAP    arch/arm64/include/generated/uapi/asm/sembuf.h
  WRAP    arch/arm64/include/generated/uapi/asm/shmbuf.h
  WRAP    arch/arm64/include/generated/uapi/asm/socket.h
  WRAP    arch/arm64/include/generated/uapi/asm/sockios.h
  WRAP    arch/arm64/include/generated/uapi/asm/swab.h
  WRAP    arch/arm64/include/generated/uapi/asm/termbits.h
  WRAP    arch/arm64/include/generated/uapi/asm/termios.h
  WRAP    arch/arm64/include/generated/uapi/asm/types.h
  UPD     include/generated/uapi/linux/version.h
  UPD     include/generated/utsrelease.h
  Using .. as source for kernel
  WRAP    arch/arm64/include/generated/asm/bugs.h
  WRAP    arch/arm64/include/generated/asm/delay.h
  WRAP    arch/arm64/include/generated/asm/div64.h
  WRAP    arch/arm64/include/generated/asm/dma.h
  WRAP    arch/arm64/include/generated/asm/dma-contiguous.h
  WRAP    arch/arm64/include/generated/asm/early_ioremap.h
  WRAP    arch/arm64/include/generated/asm/emergency-restart.h
  WRAP    arch/arm64/include/generated/asm/hw_irq.h
  WRAP    arch/arm64/include/generated/asm/irq_regs.h
  WRAP    arch/arm64/include/generated/asm/kdebug.h
  WRAP    arch/arm64/include/generated/asm/kmap_types.h
  WRAP    arch/arm64/include/generated/asm/local.h
  WRAP    arch/arm64/include/generated/asm/local64.h
  WRAP    arch/arm64/include/generated/asm/mcs_spinlock.h
  WRAP    arch/arm64/include/generated/asm/mm-arch-hooks.h
  WRAP    arch/arm64/include/generated/asm/msi.h
  WRAP    arch/arm64/include/generated/asm/preempt.h
  WRAP    arch/arm64/include/generated/asm/qrwlock.h
  WRAP    arch/arm64/include/generated/asm/qspinlock.h
  WRAP    arch/arm64/include/generated/asm/rwsem.h
  WRAP    arch/arm64/include/generated/asm/segment.h
  WRAP    arch/arm64/include/generated/asm/serial.h
  WRAP    arch/arm64/include/generated/asm/set_memory.h
  WRAP    arch/arm64/include/generated/asm/sizes.h
  WRAP    arch/arm64/include/generated/asm/switch_to.h
  WRAP    arch/arm64/include/generated/asm/trace_clock.h
  WRAP    arch/arm64/include/generated/asm/unaligned.h
  WRAP    arch/arm64/include/generated/asm/user.h
  WRAP    arch/arm64/include/generated/asm/vga.h
  WRAP    arch/arm64/include/generated/asm/xor.h
  HOSTCC  scripts/bin2c
  HOSTCC  scripts/kallsyms
  HOSTCC  scripts/pnmtologo
  HOSTCC  scripts/dtc/dtc.o
  HOSTCC  scripts/genksyms/genksyms.o
  CC      scripts/mod/empty.o
  HOSTCC  scripts/selinux/genheaders/genheaders
  HOSTCC  scripts/mod/mk_elfconfig
  CC      kernel/bounds.s
  UPD     include/generated/timeconst.h
  HOSTCC  scripts/dtc/flattree.o
  HOSTCC  scripts/selinux/mdp/mdp
  CC      scripts/mod/devicetable-offsets.s
  YACC    scripts/genksyms/parse.tab.c
  UPD     include/generated/bounds.h
  CC      arch/arm64/kernel/asm-offsets.s
  MKELF   scripts/mod/elfconfig.h
  HOSTCC  scripts/mod/sumversion.o
  UPD     scripts/mod/devicetable-offsets.h
  HOSTCC  scripts/mod/modpost.o
  HOSTCC  scripts/recordmcount
  HOSTCC  scripts/dtc/fstree.o
  LEX     scripts/genksyms/lex.lex.c
  YACC    scripts/genksyms/parse.tab.h
  HOSTCC  scripts/sortextable
  HOSTCC  scripts/mod/file2alias.o
  HOSTCC  scripts/genksyms/parse.tab.o
  HOSTCC  scripts/genksyms/lex.lex.o
  HOSTCC  scripts/dtc/data.o
  UPD     include/generated/asm-offsets.h
  CALL    ../scripts/checksyscalls.sh
  HOSTCC  scripts/dtc/livetree.o
  HOSTCC  scripts/asn1_compiler
  HOSTCC  scripts/dtc/treesource.o
  HOSTCC  scripts/dtc/srcpos.o
  LDS     arch/arm64/kernel/vdso/vdso.lds
  CC      arch/arm64/kernel/vdso/vgettimeofday.o
  HOSTCC  scripts/sign-file
  AS      arch/arm64/kernel/vdso/note.o
  AS      arch/arm64/kernel/vdso/sigreturn.o
  HOSTCC  scripts/dtc/checks.o
  HOSTCC  scripts/extract-cert
  HOSTLD  scripts/mod/modpost
  HOSTLD  scripts/genksyms/genksyms
  HOSTCC  scripts/dtc/util.o
  LD      arch/arm64/kernel/vdso/vdso.so.dbg
  LEX     scripts/dtc/dtc-lexer.lex.c
  VDSOSYM include/generated/vdso-offsets.h
  YACC    scripts/dtc/dtc-parser.tab.h
  YACC    scripts/dtc/dtc-parser.tab.c
  HOSTCC  scripts/dtc/dtc-lexer.lex.o
  HOSTCC  scripts/dtc/dtc-parser.tab.o
  HOSTLD  scripts/dtc/dtc
  CHK     include/generated/compile.h
  CC      init/main.o
  CC      init/do_mounts.o
  CC      init/do_mounts_rd.o
  CC      init/do_mounts_initrd.o
  CC      init/do_mounts_dm.o
  CC      init/noinitramfs.o
  UPD     include/generated/compile.h
  HOSTCC  usr/gen_init_cpio
  CC      arch/arm64/kernel/probes/kprobes.o
  GEN     usr/initramfs_data.cpio
  AS      usr/initramfs_data.o
  AR      usr/built-in.a
  OBJCOPY arch/arm64/kernel/vdso/vdso.so
  AS      arch/arm64/kernel/vdso/vdso.o
  CC      arch/arm64/kernel/debug-monitors.o
  AR      arch/arm64/kernel/vdso/built-in.a
  AS      arch/arm64/kernel/entry.o
  CC      arch/arm64/kernel/irq.o
  CC      init/initramfs.o
  CC      arch/arm64/kernel/probes/decode-insn.o
  CC      arch/arm64/kernel/fpsimd.o
  CC      arch/arm64/mm/dma-mapping.o
  CC      init/calibrate.o
  AS      arch/arm64/kernel/probes/kprobes_trampoline.o
  CC      arch/arm64/kernel/probes/simulate-insn.o
  CC      arch/arm64/net/bpf_jit_comp.o
  CC      arch/arm64/mm/extable.o
  CC      arch/arm64/kernel/probes/uprobes.o
  CC      arch/arm64/crypto/sha1-ce-glue.o
  CC      arch/arm64/mm/fault.o
  CC      init/init_task.o
  AS      arch/arm64/kernel/entry-fpsimd.o
  AS      arch/arm64/crypto/sha1-ce-core.o
  CC      init/version.o
  AR      arch/arm64/kernel/probes/built-in.a
  CC      kernel/bpf/core.o
  CC      arch/arm64/kernel/process.o
  CC      arch/arm64/kernel/ptrace.o
  CC      arch/arm64/crypto/sha2-ce-glue.o
  CC      kernel/bpf/syscall.o
  AR      init/built-in.a
  CC      arch/arm64/kernel/setup.o
  AR      arch/arm64/net/built-in.a
  CC      kernel/cgroup/cgroup.o
  CC      arch/arm64/mm/init.o
  AS      arch/arm64/crypto/sha2-ce-core.o
  CC      arch/arm64/crypto/ghash-ce-glue.o
  CC      kernel/bpf/verifier.o
  CC      kernel/dma/mapping.o
  AS      arch/arm64/mm/cache.o
  CC      arch/arm64/mm/copypage.o
  CC      arch/arm64/kernel/signal.o
  AS      arch/arm64/crypto/ghash-ce-core.o
  AS      arch/arm64/crypto/aes-ce-core.o
  CC      arch/arm64/crypto/aes-ce-glue.o
  CC      kernel/cgroup/rstat.o
  CC      arch/arm64/mm/flush.o
  CC      kernel/dma/contiguous.o
  CC      arch/arm64/crypto/aes-ce-ccm-glue.o
Generating X.509 key generation config
  CC      certs/system_keyring.o
  CC      arch/arm64/mm/ioremap.o
  CC      kernel/dma/coherent.o
  EXTRACT_CERTS   
###
### Now generating an X.509 key pair to be used for signing modules.
###
### If this takes a long time, you might wish to run rngd in the
### background to keep the supply of entropy topped up.  It
### needs to be run as root, and uses a hardware random
### number generator if one is available.
###
..+.+..............+++++++++++++++++++++++++++++++++++++++++++++*...........+..........+........+....+...+..+...+.......+..+...+.+.....+....+...+...+..+...+.+.....+...+.+.....+.........+.......+.....+.+..+.......+.....+....+++++++++++++++++++++++++++++++++++++++++++++*..+........+.......+..+...+..............................................+.....+....+....................+...+...+....+...+...+............+.........+..............................+.....+.........+....+..+....+.....................+...+...........+..........+...........+....+.....+.+...+  CC      kernel/bpf/inode.o
...+..+..........+..+.........+....+.....+...+  AS      arch/arm64/crypto/aes-ce-ccm-core.o
...............+....+....................+...............+.+..+...+...+.+..............+.+...................................+......+...+.+......+..+...+...+....+...+..+  CC      arch/arm64/crypto/aes-glue-ce.o
.......+.....................+.........................................................+.....+...+....+........+......+.+.....+.+..+...+..........+.........+...+...........+......+...+.......+...+......+............+..+.......+.....+.........+...............+.+.....+..........+......+.................+..........+..+..................................+.....+.......+...+...........+...+......+.+.........+..+.............+...............+..+...+....+...+..+++++
.+...........+.+.....+.+..............+....+.....+......+.........+....+...+..............+.+.........+........+.......+...+++++++++++++++++++++++++++++++++++++++++++++*..........+++++++++++++++++++++++++++++++++++++++++++++*...+...+............+...+...+...+++++
-----
###
### Key pair generated.
###
  EXTRACT_CERTS   certs/signing_key.pem
  AS      certs/system_certificates.o
  AR      certs/built-in.a
  CC      arch/arm64/mm/mmap.o
  CC      arch/arm64/kernel/sys.o
  CC      kernel/events/core.o
  CC      kernel/dma/removed.o
  CC      arch/arm64/mm/pgd.o
  AS      arch/arm64/crypto/aes-ce.o
  CC      arch/arm64/crypto/aes-glue-neon.o
  CC      arch/arm64/kernel/stacktrace.o
  CC      arch/arm64/mm/mmu.o
  CC      kernel/bpf/helpers.o
  CC      kernel/dma/direct.o
  CC      kernel/cgroup/namespace.o
  CC      arch/arm64/kernel/time.o
  AS      arch/arm64/crypto/aes-neon.o
  CC      kernel/irq/irqdesc.o
  CC      arch/arm64/crypto/sha256-glue.o
  CC      kernel/dma/swiotlb.o
  CC      kernel/bpf/tnum.o
  CC      arch/arm64/kernel/traps.o
  CC      kernel/cgroup/cgroup-v1.o
  CC      kernel/bpf/hashtab.o
  CC      arch/arm64/mm/context.o
  CC      kernel/irq/handle.o
  SHIPPED arch/arm64/crypto/sha256-core.S
  AS      arch/arm64/crypto/aes-cipher-core.o
  CC      arch/arm64/crypto/aes-cipher-glue.o
  AS      arch/arm64/mm/proc.o
  CC      arch/arm64/mm/pageattr.o
  CC      kernel/irq/manage.o
  CC      arch/arm64/kernel/io.o
  AR      kernel/dma/built-in.a
  AS      arch/arm64/crypto/sha256-core.o
  CC      mm/filemap.o
  AR      arch/arm64/crypto/built-in.a
  CC      kernel/cgroup/freezer.o
  CC      kernel/events/ring_buffer.o
  CC      arch/arm64/kernel/vdso.o
  CC      kernel/bpf/arraymap.o
  CC      kernel/cgroup/legacy_freezer.o
  CC      arch/arm64/mm/dump.o
  AS      arch/arm64/kernel/hyp-stub.o
  CC      arch/arm64/kernel/psci.o
  CC      kernel/irq/spurious.o
  CC      kernel/cgroup/cpuset.o
  AR      arch/arm64/mm/built-in.a
  CC      mm/mempool.o
  AR      kernel/livepatch/built-in.a
  CC      arch/arm64/kernel/cpu_ops.o
  CC      fs/configfs/inode.o
  CC      kernel/irq/resend.o
  CC      kernel/bpf/percpu_freelist.o
  CC      kernel/bpf/bpf_lru_list.o
  CC      arch/arm64/kernel/insn.o
  CC      kernel/irq/chip.o
  CC      fs/configfs/file.o
  CC      kernel/bpf/lpm_trie.o
  CC      fs/crypto/crypto.o
  CC      kernel/events/callchain.o
  CC      mm/oom_kill.o
  CC      arch/arm64/kernel/return_address.o
  CC      fs/configfs/dir.o
  CC      kernel/irq/dummychip.o
  CC      kernel/cgroup/debug.o
../mm/oom_kill.c:899:20: warning: unused variable 'mm' [-Wunused-variable]
        struct mm_struct *mm = tsk->mm;
                          ^
  CC      fs/crypto/fname.o
  CC      arch/arm64/kernel/cpuinfo.o
  CC      kernel/events/hw_breakpoint.o
  CC      kernel/bpf/map_in_map.o
  CC      kernel/irq/devres.o
  AR      kernel/cgroup/built-in.a
  CC      fs/crypto/hkdf.o
  CC      kernel/bpf/local_storage.o
  CC      fs/configfs/symlink.o
  CC      kernel/irq/autoprobe.o
1 warning generated.
  CC      kernel/irq/irqdomain.o
  CC      arch/arm64/kernel/cpu_errata.o
  CC      fs/crypto/hooks.o
  CC      kernel/events/uprobes.o
../arch/arm64/kernel/cpu_errata.c:1029:13: warning: unused function 'update_mitigation_state' [-Wunused-function]
static void update_mitigation_state(enum mitigation_state *oldp,
            ^
../arch/arm64/kernel/cpu_errata.c:1168:13: warning: unused function 'supports_ecbhb' [-Wunused-function]
static bool supports_ecbhb(int scope)
            ^
../arch/arm64/kernel/cpu_errata.c:1201:13: warning: unused function 'this_cpu_set_vectors' [-Wunused-function]
static void this_cpu_set_vectors(enum arm64_bp_harden_el1_vectors slot)
            ^
../arch/arm64/kernel/cpu_errata.c:1274:13: warning: unused function 'kvm_setup_bhb_slot' [-Wunused-function]
static void kvm_setup_bhb_slot(const char *hyp_vecs_start) { };
            ^
  CC      mm/fadvise.o
  CC      fs/configfs/mount.o
  CC      fs/configfs/item.o
  CC      kernel/bpf/disasm.o
4 warnings generated.
  CC      kernel/bpf/btf.o
  CC      arch/arm64/kernel/cpufeature.o
  CC      fs/crypto/keyring.o
  CC      mm/maccess.o
  AR      fs/configfs/built-in.a
  AR      ipc/built-in.a
  CC      fs/crypto/keysetup.o
  CC      kernel/irq/proc.o
  CC      kernel/locking/mutex.o
  CC      mm/page_alloc.o
  CC      kernel/irq/cpuhotplug.o
  CC      kernel/bpf/devmap.o
  CC      fs/crypto/keysetup_v1.o
  CC      arch/arm64/kernel/alternative.o
  AR      kernel/events/built-in.a
  CC      fs/crypto/policy.o
  CC      kernel/locking/semaphore.o
  CC      fs/debugfs/inode.o
  CC      kernel/irq/pm.o
../mm/page_alloc.c:947:26: warning: unused variable 'capc' [-Wunused-variable]
        struct capture_control *capc = task_capc(zone);
                                ^
../mm/page_alloc.c:2724:1: warning: unused label 'end_rmqueue' [-Wunused-label]
end_rmqueue:
^~~~~~~~~~~~
  CC      arch/arm64/kernel/cacheinfo.o
  CC      fs/crypto/bio.o
  CC      arch/arm64/kernel/smp.o
  CC      kernel/bpf/cpumap.o
  CC      kernel/locking/rwsem.o
  GEN     security/apparmor/capability_names.h
  GEN     security/apparmor/rlim_names.h
  GEN     security/apparmor/net_names.h
  CC      fs/debugfs/file.o
  GEN     security/apparmor/net_names.h
  CC      security/apparmor/apparmorfs.o
  CC      kernel/irq/msi.o
  CC      kernel/locking/percpu-rwsem.o
  CC      fs/crypto/inline_crypt.o
  CC      kernel/locking/spinlock.o
  CC      kernel/bpf/offload.o
  CC      kernel/irq/affinity.o
  CC      arch/arm64/kernel/smp_spin_table.o
  CC      kernel/locking/osq_lock.o
  AR      kernel/irq/built-in.a
  CC      kernel/power/qos.o
  AR      fs/debugfs/built-in.a
  CC      security/integrity/iint.o
  AR      fs/crypto/built-in.a
  CC      fs/devpts/inode.o
  CC      kernel/locking/qspinlock.o
  CC      arch/arm64/kernel/topology.o
  CC      security/integrity/integrity_audit.o
  CC      kernel/locking/rtmutex.o
  AR      fs/devpts/built-in.a
  CC      fs/ecryptfs/dentry.o
  AS      arch/arm64/kernel/smccc-call.o
  CC      arch/arm64/kernel/syscall.o
  CC      security/apparmor/audit.o
  AR      security/integrity/built-in.a
  CC      arch/arm64/kernel/sys32.o
  CC      kernel/bpf/stackmap.o
  CC      kernel/power/main.o
  CC      kernel/locking/rwsem-xadd.o
2 warnings generated.
  CC      fs/ecryptfs/file.o
  CC      arch/arm64/kernel/signal32.o
  CC      crypto/asymmetric_keys/asymmetric_type.o
  CC      security/apparmor/capability.o
  CC      kernel/locking/qrwlock.o
  CC      mm/page-writeback.o
  CC      kernel/power/process.o
  CC      fs/ecryptfs/inode.o
  CC      kernel/bpf/cgroup.o
  AR      kernel/locking/built-in.a
  CC      crypto/asymmetric_keys/restrict.o
  CC      security/keys/gc.o
  CC      crypto/asymmetric_keys/signature.o
  CC      security/apparmor/task.o
  CC      security/keys/key.o
  CC      fs/ecryptfs/main.o
  CC      crypto/asymmetric_keys/public_key.o
  CC      kernel/power/suspend.o
  CC      arch/arm64/kernel/sys_compat.o
  CC      kernel/bpf/reuseport_array.o
  ASN.1   crypto/asymmetric_keys/x509.asn1.c
  ASN.1   crypto/asymmetric_keys/x509_akid.asn1.c
  CC      crypto/asymmetric_keys/x509_public_key.o
  AS      arch/arm64/kernel/sigreturn32.o
  AS      arch/arm64/kernel/kuser32.o
  CC      fs/ecryptfs/super.o
  CC      security/apparmor/ipc.o
  CC      arch/arm64/kernel/ftrace.o
  CC      security/keys/keyring.o
  ASN.1   crypto/asymmetric_keys/pkcs7.asn1.c
  CC      crypto/asymmetric_keys/pkcs7_trust.o
  CC      kernel/power/wakelock.o
  CC      mm/readahead.o
  CC      fs/ecryptfs/mmap.o
  AS      arch/arm64/kernel/entry-ftrace.o
  CC      arch/arm64/kernel/arm64ksyms.o
  AR      kernel/bpf/built-in.a
  CC      crypto/asymmetric_keys/pkcs7_verify.o
  CC      block/partitions/check.o
  CC      security/apparmor/lib.o
  CC      kernel/power/poweroff.o
  CC      security/keys/keyctl.o
  CC      kernel/power/energy_model.o
  CC      fs/ecryptfs/read_write.o
  CC      crypto/asymmetric_keys/x509.asn1.o
  CC      arch/arm64/kernel/module.o
  CC      crypto/asymmetric_keys/x509_akid.asn1.o
  CC      block/partitions/msdos.o
  CC      crypto/asymmetric_keys/x509_cert_parser.o
  CC      mm/swap.o
  CC      kernel/power/wakeup_reason.o
  CC      arch/arm64/kernel/module-plts.o
  CC      crypto/asymmetric_keys/pkcs7.asn1.o
  CC      crypto/asymmetric_keys/pkcs7_parser.o
  CC      fs/ecryptfs/crypto.o
  CC      security/apparmor/match.o
  CC      security/keys/permission.o
  CC      block/partitions/efi.o
  CC      arch/arm64/kernel/perf_regs.o
  AR      kernel/power/built-in.a
  CC      kernel/printk/printk.o
  AR      crypto/asymmetric_keys/built-in.a
  CC      crypto/api.o
  CC      security/apparmor/path.o
  CC      security/keys/process_keys.o
  CC      arch/arm64/kernel/perf_callchain.o
  AR      block/partitions/built-in.a
  CC      block/bio.o
  CC      fs/ecryptfs/keystore.o
  CC      mm/truncate.o
  CC      arch/arm64/kernel/perf_event.o
  CC      security/keys/request_key.o
  CC      crypto/cipher.o
  CC      security/apparmor/domain.o
  CC      crypto/compress.o
  CC      arch/arm64/kernel/perf_trace_counters.o
  CC      security/keys/request_key_auth.o
  CC      mm/vmscan.o
  CC      fs/ecryptfs/kthread.o
  CC      kernel/printk/printk_safe.o
  CC      crypto/crypto_wq.o
  CC      block/elevator.o
  CC      security/keys/user_defined.o
  AR      kernel/printk/built-in.a
  CC      kernel/rcu/update.o
  CC      arch/arm64/kernel/perf_trace_user.o
  CC      crypto/algapi.o
  CC      fs/ecryptfs/debug.o
  CC      security/keys/compat.o
  CC      fs/ecryptfs/messaging.o
  CC      arch/arm64/kernel/hw_breakpoint.o
  CC      security/apparmor/policy.o
  CC      security/keys/proc.o
  CC      block/blk-core.o
  CC      fs/ecryptfs/miscdev.o
  AS      arch/arm64/kernel/sleep.o
  CC      security/keys/sysctl.o
  CC      arch/arm64/kernel/suspend.o
  CC      crypto/scatterwalk.o
  CC      kernel/rcu/sync.o
  AR      security/keys/built-in.a
  CC      crypto/proc.o
  CC      kernel/rcu/srcutree.o
  CC      arch/arm64/kernel/cpuidle.o
  CC      fs/ecryptfs/sdcard_encrypt_mgr.o
  CC      fs/efivarfs/inode.o
  CC      crypto/aead.o
  CC      security/apparmor/policy_unpack.o
  CC      arch/arm64/kernel/efi.o
../arch/arm64/kernel/efi.c:157:36: warning: static_assert with no message is a C++17 extension [-Wc++17-extensions]
_Static_assert(THREAD_SIZE >= SZ_8K);
                                   ^
                                   , ""
  AR      fs/ecryptfs/built-in.a
  CC      fs/efivarfs/file.o
  CC      kernel/rcu/tree.o
  CC      drivers/amba/bus.o
1 warning generated.
  CC      mm/shmem.o
  AS      arch/arm64/kernel/efi-entry.o
  AS      arch/arm64/kernel/efi-rt-wrapper.o
  CC      arch/arm64/kernel/pci.o
  CC      fs/efivarfs/super.o
  CC      crypto/ablkcipher.o
  AR      drivers/amba/built-in.a
  CC      drivers/android/binderfs.o
  CC      arch/arm64/kernel/armv8_deprecated.o
  AR      fs/efivarfs/built-in.a
  AR      fs/exofs/built-in.a
  CC      fs/exportfs/expfs.o
  CC      drivers/android/binder.o
  CC      block/blk-tag.o
  CC      arch/arm64/kernel/kaslr.o
  AR      fs/exportfs/built-in.a
  CC      fs/ext4/balloc.o
  CC      crypto/blkcipher.o
  CC      security/apparmor/procattr.o
  CC      arch/arm64/kernel/ssbd.o
  AS      arch/arm64/kernel/head.o
  LDS     arch/arm64/kernel/vmlinux.lds
  OBJCOPY arch/arm64/kernel/efi-entry.stub.o
  AR      arch/arm64/kernel/built-in.a
  CC      fs/ext4/bitmap.o
  CC      mm/util.o
  CC      block/blk-sysfs.o
  CC      fs/f2fs/dir.o
  CC      crypto/skcipher.o
  CC      security/apparmor/lsm.o
  CC      fs/ext4/block_validity.o
  CC      mm/mmzone.o
  CC      block/blk-flush.o
  CC      fs/ext4/dir.o
  CC      mm/vmstat.o
  CC      fs/f2fs/file.o
  CC      kernel/rcu/rcu_segcblist.o
  CC      security/apparmor/resource.o
  CC      block/blk-settings.o
  CC      crypto/seqiv.o
  AR      kernel/rcu/built-in.a
  CC      kernel/sched/core.o
  CC      fs/ext4/ext4_jbd2.o
  CC      crypto/echainiv.o
  CC      security/apparmor/secid.o
  CC      block/blk-ioc.o
  CC      crypto/ahash.o
  CC      mm/backing-dev.o
  CC      fs/ext4/extents.o
  CC      drivers/android/binder_alloc.o
  CC      security/apparmor/file.o
  CC      block/blk-map.o
  CC      crypto/shash.o
  AR      drivers/android/built-in.a
  AR      drivers/auxdisplay/built-in.a
  CC      drivers/base/firmware_loader/fallback_table.o
  CC      block/blk-exec.o
  CC      mm/mm_init.o
  CC      drivers/base/firmware_loader/main.o
  CC      security/apparmor/policy_ns.o
  CC      crypto/akcipher.o
  CC      mm/mmu_context.o
  CC      fs/f2fs/inode.o
  CC      block/blk-merge.o
  CC      drivers/base/firmware_loader/fallback.o
  CC      mm/percpu.o
  CC      crypto/kpp.o
  CC      security/apparmor/label.o
  CC      fs/ext4/extents_status.o
  AR      drivers/base/firmware_loader/built-in.a
  CC      drivers/base/power/sysfs.o
  CC      fs/f2fs/namei.o
  CC      block/blk-softirq.o
  ASN.1   crypto/rsapubkey.asn1.c
  ASN.1   crypto/rsaprivkey.asn1.c
  CC      crypto/rsa.o
  CC      drivers/base/power/generic_ops.o
  CC      crypto/rsa_helper.o
  CC      drivers/base/power/common.o
  CC      fs/ext4/file.o
  CC      crypto/rsa-pkcs1pad.o
  CC      block/blk-timeout.o
  CC      mm/slab_common.o
  CC      security/apparmor/mount.o
  CC      kernel/sched/loadavg.o
  CC      drivers/base/power/qos.o
  CC      fs/f2fs/hash.o
  CC      fs/ext4/fsmap.o
  CC      crypto/acompress.o
  CC      block/blk-lib.o
  CC      fs/f2fs/super.o
  CC      kernel/sched/clock.o
  CC      security/apparmor/net.o
  CC      drivers/base/power/runtime.o
  CC      fs/ext4/fsync.o
  CC      crypto/scompress.o
  CC      block/blk-mq.o
  CC      mm/compaction.o
  CC      fs/ext4/hash.o
  CC      kernel/sched/cputime.o
  CC      drivers/base/power/wakeirq.o
  CC      security/apparmor/crypto.o
  CC      crypto/algboss.o
  CC      fs/ext4/ialloc.o
  CC      drivers/base/power/main.o
  CC      crypto/testmgr.o
  AR      security/apparmor/built-in.a
  GEN     security/selinux/flask.h security/selinux/av_permissions.h
  CC      security/selinux/avc.o
  CC      kernel/sched/idle.o
  CC      crypto/cmac.o
  CC      fs/ext4/indirect.o
  CC      block/blk-mq-tag.o
  CC      mm/vmacache.o
  CC      security/selinux/hooks.o
  CC      fs/f2fs/inline.o
  CC      crypto/hmac.o
  CC      mm/interval_tree.o
  CC      drivers/base/power/wakeup.o
  CC      kernel/sched/fair.o
  CC      block/blk-stat.o
  CC      fs/ext4/inline.o
  CC      crypto/xcbc.o
  CC      mm/list_lru.o
../kernel/sched/fair.c:7211:25: warning: unused variable 'util_cfs' [-Wunused-variable]
        unsigned int max_util, util_cfs, cpu_util, cpu_cap;
                               ^
../kernel/sched/fair.c:7213:22: warning: unused variable 'tsk' [-Wunused-variable]
        struct task_struct *tsk;
                            ^
../kernel/sched/fair.c:9090:15: warning: unused variable 'cpus' [-Wunused-variable]
                        cpumask_t *cpus = sched_group_span(group);
                                   ^
../kernel/sched/fair.c:30:20: warning: function 'task_fits_max' has internal linkage but is not defined [-Wundefined-internal]
static inline bool task_fits_max(struct task_struct *p, int cpu);
                   ^
../kernel/sched/fair.c:5420:15: note: used here
        p->misfit = !task_fits_max(p, rq->cpu);
                     ^
  CC      crypto/crypto_null.o
  CC      fs/f2fs/checkpoint.o
  CC      block/blk-mq-sysfs.o
  CC      drivers/base/power/wakeup_stats.o
  CC      mm/workingset.o
  CC      drivers/base/power/domain.o
  CC      crypto/md5.o
  CC      fs/ext4/inode.o
  CC      block/blk-mq-cpumap.o
  CC      mm/debug.o
  CC      security/selinux/selinuxfs.o
  CC      crypto/sha1_generic.o
  CC      block/blk-mq-sched.o
  CC      fs/f2fs/gc.o
  CC      mm/gup.o
  CC      drivers/base/power/domain_governor.o
  CC      crypto/sha256_generic.o
  CC      drivers/base/power/clock_ops.o
  CC      block/ioctl.o
  CC      security/selinux/netlink.o
  AR      drivers/base/power/built-in.a
  CC      drivers/base/regmap/regmap.o
  CC      security/selinux/nlmsgtab.o
  CC      mm/highmem.o
  CC      crypto/sha512_generic.o
4 warnings generated.
  CC      mm/memory.o
  CC      kernel/sched/rt.o
  CC      fs/f2fs/data.o
  CC      security/selinux/netif.o
  CC      block/genhd.o
  CC      fs/ext4/ioctl.o
  CC      crypto/gf128mul.o
  CC      security/selinux/netnode.o
  CC      crypto/ecb.o
  CC      drivers/base/regmap/regcache.o
  CC      kernel/sched/deadline.o
  CC      crypto/cbc.o
  CC      fs/ext4/mballoc.o
  CC      security/selinux/netport.o
  CC      block/partition-generic.o
  CC      drivers/base/regmap/regcache-rbtree.o
  CC      crypto/cts.o
  CC      security/selinux/exports.o
  CC      drivers/base/regmap/regcache-flat.o
  CC      security/selinux/ss/ebitmap.o
  CC      crypto/xts.o
  CC      mm/mincore.o
  CC      block/ioprio.o
  CC      drivers/base/regmap/regmap-debugfs.o
  CC      kernel/sched/wait.o
  CC      fs/f2fs/node.o
  CC      security/selinux/ss/hashtab.o
  CC      crypto/ctr.o
  CC      mm/mlock.o
  CC      security/selinux/ss/symtab.o
  CC      drivers/base/regmap/regmap-i2c.o
  CC      security/selinux/ss/sidtab.o
  CC      block/badblocks.o
../fs/f2fs/node.c:1964:1: warning: unused label 'write_node' [-Wunused-label]
write_node:
^~~~~~~~~~~
  CC      crypto/gcm.o
  CC      drivers/base/regmap/regmap-spi.o
  CC      block/blk-rq-qos.o
  CC      kernel/sched/wait_bit.o
  CC      security/selinux/ss/avtab.o
  CC      mm/mmap.o
  CC      fs/ext4/migrate.o
  CC      block/scsi_ioctl.o
  CC      drivers/base/regmap/regmap-spmi.o
  CC      crypto/ccm.o
  CC      drivers/base/regmap/regmap-mmio.o
  CC      security/selinux/ss/policydb.o
  CC      fs/ext4/mmp.o
  CC      kernel/sched/swait.o
  CC      drivers/base/regmap/regmap-irq.o
1 warning generated.
  CC      block/blk-cgroup.o
  CC      crypto/cryptd.o
  CC      fs/f2fs/segment.o
  CC      fs/ext4/move_extent.o
  CC      mm/mprotect.o
  CC      kernel/sched/completion.o
  AR      drivers/base/regmap/built-in.a
  AR      drivers/base/test/built-in.a
  CC      drivers/base/component.o
  CC      security/selinux/ss/services.o
  CC      crypto/des_generic.o
  CC      fs/ext4/namei.o
  CC      block/noop-iosched.o
  CC      mm/mremap.o
  CC      drivers/base/core.o
  CC      crypto/twofish_generic.o
  CC      kernel/sched/stubs.o
../drivers/base/core.c:1289:23: warning: unused variable 'tmp' [-Wunused-variable]
        struct device *dev, *tmp;
                             ^
../drivers/base/core.c:1289:17: warning: unused variable 'dev' [-Wunused-variable]
        struct device *dev, *tmp;
                       ^
  CC      block/cfq-iosched.o
  CC      mm/msync.o
  CC      crypto/twofish_common.o
  CC      mm/page_vma_mapped.o
  CC      security/selinux/ss/conditional.o
  CC      kernel/sched/cpupri.o
2 warnings generated.
  CC      crypto/aes_generic.o
../kernel/sched/cpupri.c:133:1: warning: unused label 'retry' [-Wunused-label]
retry:
^~~~~~
  CC      mm/pagewalk.o
  CC      fs/f2fs/recovery.o
  CC      fs/ext4/page-io.o
  CC      drivers/base/bus.o
1 warning generated.
  CC      security/selinux/ss/mls.o
  CC      kernel/sched/cpudeadline.o
  CC      mm/pgtable-generic.o
  CC      crypto/arc4.o
  CC      block/mq-deadline.o
  CC      drivers/base/dd.o
  CC      mm/rmap.o
  CC      security/selinux/ss/status.o
  CC      fs/ext4/readpage.o
  CC      crypto/deflate.o
  CC      kernel/sched/topology.o
  CC      fs/f2fs/shrinker.o
  CC      block/kyber-iosched.o
  CC      crypto/crc32c_generic.o
  CC      drivers/base/syscore.o
  CC      security/selinux/netlabel.o
  CC      fs/ext4/resize.o
  CC      fs/f2fs/extent_cache.o
  CC      crypto/crc32_generic.o
  CC      mm/vmalloc.o
  CC      block/bfq-iosched.o
  CC      kernel/sched/stop_task.o
  CC      crypto/authenc.o
  CC      drivers/base/driver.o
  AR      security/selinux/built-in.a
  CC      security/smack/smack_lsm.o
  CC      fs/f2fs/sysfs.o
  CC      drivers/base/class.o
  CC      fs/ext4/super.o
  CC      kernel/sched/pelt.o
  CC      crypto/authencesn.o
  CC      drivers/base/platform.o
  CC      mm/process_vm_access.o
  CC      fs/f2fs/debug.o
  CC      kernel/sched/walt.o
  CC      block/bfq-wf2q.o
  CC      crypto/lzo.o
  CC      security/smack/smack_access.o
  CC      mm/showmem.o
  CC      crypto/lz4.o
  CC      drivers/base/cpu.o
  CC      fs/f2fs/xattr.o
  CC      mm/vmpressure.o
  CC      block/bfq-cgroup.o
  CC      crypto/rng.o
  CC      drivers/base/firmware.o
  CC      security/smack/smackfs.o
  CC      mm/init-mm.o
  CC      crypto/ansi_cprng.o
  CC      mm/nobootmem.o
  CC      fs/f2fs/acl.o
  CC      drivers/base/init.o
  CC      block/compat_ioctl.o
  CC      drivers/base/map.o
  CC      drivers/base/devres.o
  CC      crypto/drbg.o
  CC      mm/madvise.o
  CC      fs/f2fs/verity.o
  AR      security/smack/built-in.a
  CC      security/commoncap.o
  CC      drivers/base/attribute_container.o
  CC      crypto/jitterentropy.o
  CC      kernel/sched/boost.o
  AR      fs/f2fs/built-in.a
  CC      drivers/base/transport_class.o
  CC      crypto/jitterentropy-kcapi.o
  CC      block/blk-mq-pci.o
  CC      mm/memblock.o
  CC      kernel/time/time.o
  CC      drivers/base/topology.o
  CC      crypto/ghash-generic.o
  CC      security/min_addr.o
  CC      drivers/base/container.o
  CC      block/blk-mq-debugfs.o
  CC      kernel/sched/sched_avg.o
  CC      security/security.o
  CC      drivers/base/property.o
  CC      crypto/ecc.o
  CC      mm/page_io.o
  CC      kernel/time/timer.o
  CC      fs/ext4/symlink.o
  CC      block/keyslot-manager.o
  CC      mm/swap_state.o
  CC      fs/ext4/sysfs.o
  CC      kernel/sched/autogroup.o
  CC      mm/swapfile.o
  CC      drivers/base/cacheinfo.o
  CC      crypto/ecdh.o
  CC      block/bio-crypt-ctx.o
  CC      fs/ext4/xattr.o
  CC      security/inode.o
  CC      crypto/ecdh_helper.o
  CC      drivers/base/devcon.o
  CC      kernel/sched/stats.o
  CC      kernel/time/hrtimer.o
  CC      block/blk-crypto.o
  CC      crypto/hash_info.o
  CC      drivers/base/module.o
  CC      crypto/simd.o
  CC      security/lsm_audit.o
  CC      drivers/base/soc.o
  CC      kernel/sched/debug.o
  CC      block/blk-crypto-fallback.o
  CC      drivers/base/pinctrl.o
  CC      crypto/rsapubkey.asn1.o
  CC      crypto/rsaprivkey.asn1.o
  AR      crypto/built-in.a
  CC      kernel/time/timekeeping.o
  CC      fs/ext4/xattr_trusted.o
  CC      drivers/base/devcoredump.o
  AR      security/built-in.a
  CC      drivers/block/zram/zcomp.o
  AR      sound/arm/built-in.a
  CC      mm/swap_slots.o
  AR      sound/atmel/built-in.a
  CC      sound/core/sound.o
  AR      block/built-in.a
  CC      drivers/block/brd.o
  CC      fs/ext4/xattr_user.o
  CC      drivers/block/zram/zram_drv.o
  CC      drivers/base/platform-msi.o
  CC      mm/swap_ratio.o
  CC      kernel/sched/tune.o
  CC      sound/core/init.o
  CC      sound/core/memory.o
  CC      fs/ext4/acl.o
  CC      kernel/time/ntp.o
  CC      drivers/base/arch_topology.o
  CC      mm/dmapool.o
  CC      drivers/bluetooth/bluetooth-power.o
  AR      drivers/block/zram/built-in.a
  CC      drivers/block/loop.o
  CC      kernel/time/clocksource.o
  CC      sound/core/control.o
  CC      fs/ext4/xattr_security.o
  AR      drivers/base/built-in.a
  CC      kernel/trace/trace_clock.o
  CC      kernel/sched/cpuacct.o
  CC      mm/sparse.o
  CC      drivers/bluetooth/btfm_slim.o
  CC      kernel/time/jiffies.o
  CC      fs/ext4/verity.o
  CC      kernel/trace/ftrace.o
  CC      kernel/sched/cpufreq.o
  CC      kernel/time/timer_list.o
  CC      mm/sparse-vmemmap.o
  CC      drivers/bluetooth/btfm_slim_codec.o
  AR      fs/ext4/built-in.a
  CC      fs/fat/cache.o
  CC      kernel/time/timeconv.o
  CC      drivers/block/vs_block_server.o
  CC      mm/page_poison.o
  CC      kernel/time/timecounter.o
  CC      drivers/bluetooth/btfm_slim_slave.o
  CC      fs/fat/dir.o
  CC      sound/core/misc.o
  CC      kernel/time/alarmtimer.o
  AR      drivers/bluetooth/built-in.a
  AR      sound/drivers/mpu401/built-in.a
  AR      sound/drivers/opl3/built-in.a
  AR      sound/drivers/opl4/built-in.a
  CC      kernel/sched/cpufreq_schedutil.o
  AR      sound/drivers/pcsp/built-in.a
  AR      sound/drivers/vx/built-in.a
  AR      sound/drivers/built-in.a
  CC      mm/slub.o
  MK_FW   firmware/touch/timelm/B3W68DS3_0_16.img.gen.S
  MK_FW   firmware/touch/timelm/B3W68TIME_0_74.img.gen.S
  MK_FW   firmware/touch/timelm/Time_limit.txt.gen.S
  MK_FW   firmware/almf04/ALMF04_Sar2CNew_V2.04T.fw.gen.S
  COPY    firmware/touch/timelm/B3W68DS3_0_16.img
  COPY    firmware/touch/timelm/B3W68TIME_0_74.img
  COPY    firmware/touch/timelm/Time_limit.txt
  COPY    firmware/almf04/ALMF04_Sar2CNew_V2.04T.fw
cp: cannot stat '../firmware/almf04/ALMF04_Sar2CNew_V2.04T.fw': No such file or directory
make[2]: *** [../firmware/Makefile:77: firmware/almf04/ALMF04_Sar2CNew_V2.04T.fw] Error 1
make[1]: *** [/home/konadev/android_kernel_lge_sm8250/Makefile:1221: firmware] Error 2
make[1]: *** Waiting for unfinished jobs....
  CC      drivers/bus/mhi/controllers/mhi_qcom.o
  CC      drivers/block/vs_block_client.o
  CC      sound/core/device.o
  CC      kernel/time/posix-timers.o
  CC      sound/core/info.o
  CC      drivers/bus/mhi/controllers/mhi_arch_qcom.o
  CC      kernel/sched/membarrier.o
  CC      fs/fat/fatent.o
  AR      drivers/block/built-in.a
  CC      drivers/bus/qcom-ebi2.o
  CC      kernel/trace/ring_buffer.o
  CC      sound/core/vmaster.o
  CC      drivers/bus/mhi/controllers/lge_qfuse.o
  CC      drivers/bus/mhi/core/mhi_init.o
  CC      kernel/time/posix-cpu-timers.o
  CC      kernel/sched/isolation.o
  AR      drivers/bus/mhi/controllers/built-in.a
  CC      kernel/time/posix-clock.o
  CC      sound/core/ctljack.o
  CC      fs/fat/file.o
  CC      sound/core/jack.o
  CHK     kernel/kheaders_data.tar.xz
  GEN     kernel/kheaders_data.tar.xz
  CC      kernel/time/itimer.o
  CC      sound/core/hwdep.o
  CC      drivers/bus/mhi/core/mhi_main.o
  CC      kernel/sched/core_ctl.o
  CC      kernel/trace/trace.o
  CC      mm/memtest.o
  CC      fs/fat/inode.o
  CC      kernel/time/clockevents.o
  CC      mm/migrate.o
  CC      sound/core/timer.o
  CC      kernel/time/tick-common.o
  CC      fs/fat/misc.o
  CC      drivers/bus/mhi/core/mhi_pm.o
  CC      kernel/sched/psi.o
  CC      mm/page_counter.o
  CC      fs/fat/nfs.o
  CC      mm/memcontrol.o
  CC      kernel/time/tick-broadcast.o
  CC      sound/core/pcm.o
  CC      fs/fat/namei_vfat.o
  AR      kernel/sched/built-in.a
  AR      sound/firewire/built-in.a
  CC      kernel/trace/trace_output.o
  CC      kernel/time/tick-broadcast-hrtimer.o
  CC      drivers/bus/mhi/core/mhi_boot.o
  CC      sound/core/pcm_native.o
  CC      kernel/time/sched_clock.o
  CC      kernel/time/tick-oneshot.o
  CC      fs/fat/namei_msdos.o
  CC      fs/fuse/dev.o
  CC      kernel/time/tick-sched.o
  CC      kernel/trace/trace_seq.o
  CC      drivers/bus/mhi/core/mhi_dtr.o
  AR      fs/fat/built-in.a
  CC      drivers/bus/mhi/devices/mhi_netdev.o
  CC      kernel/trace/trace_stat.o
  CC      kernel/time/vsyscall.o
  AR      drivers/bus/mhi/core/built-in.a
  AR      drivers/cdrom/built-in.a
  CC      mm/swap_cgroup.o
  CC      kernel/time/timekeeping_debug.o
  CC      drivers/bus/mhi/devices/mhi_uci.o
  CC      kernel/trace/trace_printk.o
  CC      kernel/fork.o
  AR      kernel/time/built-in.a
  AR      sound/hda/built-in.a
  CC      sound/core/pcm_lib.o
  CC      mm/kmemleak.o
  CC      fs/fuse/dir.o
  CC      drivers/bus/mhi/devices/mhi_satellite.o
../kernel/fork.c:1765:12: warning: unused function 'pidfd_create' [-Wunused-function]
static int pidfd_create(struct pid *pid)
           ^
  CC      kernel/trace/trace_sched_switch.o
  CC      fs/incfs/data_mgmt.o
  AR      drivers/bus/mhi/devices/built-in.a
  AR      drivers/bus/mhi/built-in.a
  AR      drivers/bus/built-in.a
  AR      drivers/char/agp/built-in.a
  CC      drivers/char/diag/diagchar_core.o
  CC      kernel/trace/trace_functions.o
  CC      mm/page_owner.o
  CC      fs/fuse/file.o
  CC      sound/core/pcm_misc.o
1 warning generated.
  CC      kernel/trace/trace_preemptirq.o
  CC      fs/incfs/format.o
  CC      drivers/char/diag/diagchar_hdlc.o
  CC      mm/cleancache.o
  CC      sound/core/pcm_memory.o
  AR      sound/i2c/other/built-in.a
  AR      sound/i2c/built-in.a
  CC      fs/jbd2/transaction.o
  CC      fs/incfs/integrity.o
  CC      mm/page_isolation.o
  CC      sound/core/memalloc.o
  CC      kernel/trace/trace_irqsoff.o
  CC      fs/incfs/main.o
  CC      fs/incfs/vfs.o
  CC      mm/zsmalloc.o
  CC      fs/fuse/inode.o
  CC      sound/core/pcm_timer.o
  CC      drivers/char/diag/diagfwd.o
  CC      kernel/trace/trace_nop.o
  CC      fs/jbd2/commit.o
  CC      sound/core/pcm_drm_eld.o
  CC      kernel/trace/trace_functions_graph.o
  CC      fs/fuse/control.o
  AR      fs/incfs/built-in.a
  CC      kernel/trace/blktrace.o
  CC      drivers/char/diag/diagfwd_peripheral.o
  CC      sound/core/pcm_iec958.o
  CC      mm/early_ioremap.o
  CC      fs/jbd2/recovery.o
  CC      mm/cma.o
  CC      fs/fuse/xattr.o
  CC      sound/core/rawmidi.o
  AR      drivers/char/ipmi/built-in.a
  CC      drivers/char/hw_random/core.o
  CC      drivers/char/diag/diagfwd_socket.o
  CC      fs/fuse/acl.o
  CC      fs/jbd2/checkpoint.o
  CC      kernel/trace/trace_events.o
  CC      drivers/char/hw_random/msm_rng.o
  CC      mm/page_ext.o
  AR      fs/fuse/built-in.a
  CC      kernel/exec_domain.o
  CC      fs/jbd2/revoke.o
  CC      drivers/char/diag/diagfwd_rpmsg.o
  CC      mm/cma_debug.o
  CC      drivers/char/hw_random/cavium-rng.o
  CC      sound/core/compress_offload.o
  CC      kernel/panic.o
  CC      mm/frame_vector.o
../sound/core/compress_offload.c:183:6: warning: unused variable 'err' [-Wunused-variable]
        int err = 0;
            ^
  CC      drivers/char/hw_random/cavium-rng-vf.o
  CC      drivers/char/diag/diag_mux.o
  CC      fs/jbd2/journal.o
1 warning generated.
  CC      drivers/char/diag/diag_memorydevice.o
  AR      drivers/char/hw_random/built-in.a
  CC      drivers/char/mem.o
  CC      mm/usercopy.o
  AR      sound/isa/ad1816a/built-in.a
  AR      sound/isa/ad1848/built-in.a
  AR      sound/isa/cs423x/built-in.a
  AR      sound/isa/es1688/built-in.a
  AR      sound/isa/galaxy/built-in.a
  AR      sound/isa/gus/built-in.a
  AR      sound/isa/msnd/built-in.a
  AR      sound/core/built-in.a
  AR      sound/isa/opti9xx/built-in.a
  AR      sound/isa/sb/built-in.a
  AR      drivers/clk/actions/built-in.a
  AR      sound/isa/wavefront/built-in.a
  AR      drivers/clk/bcm/built-in.a
  AR      drivers/clk/imgtec/built-in.a
  AR      sound/isa/wss/built-in.a
  CC      kernel/trace/trace_export.o
  AR      drivers/clk/mediatek/built-in.a
  AR      sound/isa/built-in.a
  AR      sound/mips/built-in.a
  AR      drivers/clk/mvebu/built-in.a
  AR      sound/parisc/built-in.a
  AR      sound/pci/ac97/built-in.a
  AR      sound/pci/ali5451/built-in.a
  AR      drivers/clk/qcom/mdss/built-in.a
  CC      drivers/clk/qcom/common.o
  AR      sound/pci/asihpi/built-in.a
  AR      sound/pci/au88x0/built-in.a
  AR      sound/pci/aw2/built-in.a
  AR      sound/pci/ca0106/built-in.a
  AR      sound/pci/cs46xx/built-in.a
  AR      sound/pci/cs5535audio/built-in.a
  AR      sound/pci/ctxfi/built-in.a
  AR      sound/pci/echoaudio/built-in.a
  AR      sound/pci/emu10k1/built-in.a
  AR      sound/pci/hda/built-in.a
  CC      drivers/char/diag/diag_usb.o
  AR      sound/pci/ice1712/built-in.a
  AR      sound/pci/korg1212/built-in.a
  AR      sound/pci/lola/built-in.a
  AR      sound/pci/lx6464es/built-in.a
  AR      sound/pci/mixart/built-in.a
  CC      mm/memfd.o
  AR      sound/pci/nm256/built-in.a
  AR      sound/pci/oxygen/built-in.a
  AR      sound/pci/pcxhr/built-in.a
  AR      sound/pci/riptide/built-in.a
  AR      sound/pci/rme9652/built-in.a
  AR      sound/pci/trident/built-in.a
  AR      sound/pci/vx222/built-in.a
  AR      sound/pci/ymfpci/built-in.a
  AR      sound/pci/built-in.a
  AR      sound/pcmcia/pdaudiocf/built-in.a
  AR      sound/pcmcia/vx/built-in.a
  AR      sound/pcmcia/built-in.a
  CC      fs/kernfs/mount.o
  AR      sound/ppc/built-in.a
  AR      sound/sh/built-in.a
  AR      sound/soc/adi/built-in.a
  AR      sound/soc/amd/built-in.a
  AR      sound/soc/atmel/built-in.a
  AR      sound/soc/au1x/built-in.a
  AR      sound/soc/bcm/built-in.a
  AR      sound/soc/cirrus/built-in.a
  CC      kernel/trace/trace_event_perf.o
  CC      sound/soc/codecs/hdmi-codec.o
  CC      drivers/clk/qcom/clk-regmap.o
  CC      drivers/char/diag/diagmem.o
In file included from ../sound/soc/codecs/hdmi-codec.c:26:
In file included from ../include/drm/drm_crtc.h:34:
../include/uapi/drm/drm_mode.h:122:10: warning: 'DRM_MODE_FLAG_SUPPORTS_RGB' macro redefined [-Wmacro-redefined]
#define  DRM_MODE_FLAG_SUPPORTS_RGB             (1<<27)
         ^
../include/uapi/drm/drm_mode.h:119:10: note: previous definition is here
#define  DRM_MODE_FLAG_SUPPORTS_RGB             (1<<23)
         ^
../include/uapi/drm/drm_mode.h:124:10: warning: 'DRM_MODE_FLAG_SUPPORTS_YUV' macro redefined [-Wmacro-redefined]
#define  DRM_MODE_FLAG_SUPPORTS_YUV             (1<<28)
         ^
../include/uapi/drm/drm_mode.h:121:10: note: previous definition is here
#define  DRM_MODE_FLAG_SUPPORTS_YUV             (1<<24)
         ^
  CC      fs/kernfs/inode.o
  CC      mm/process_reclaim.o
  CC      drivers/char/diag/diagfwd_cntl.o
  CC      drivers/clk/qcom/clk-alpha-pll.o
2 warnings generated.
  AR      sound/soc/codecs/built-in.a
  AR      sound/soc/davinci/built-in.a
  AR      sound/soc/dwc/built-in.a
  AR      sound/soc/fsl/built-in.a
  AR      sound/soc/generic/built-in.a
  AR      sound/soc/hisilicon/built-in.a
  AR      fs/jbd2/built-in.a
  AR      sound/soc/img/built-in.a
  CC      fs/nls/nls_base.o
  AR      sound/soc/intel/boards/built-in.a
  AR      sound/soc/intel/common/built-in.a
  AR      sound/soc/intel/built-in.a
  AR      sound/soc/jz4740/built-in.a
  AR      sound/soc/kirkwood/built-in.a
  AR      sound/soc/mediatek/built-in.a
  AR      sound/soc/meson/built-in.a
  AR      sound/soc/mxs/built-in.a
  CC      kernel/trace/trace_events_filter.o
  AR      sound/soc/nuc900/built-in.a
  AR      sound/soc/omap/built-in.a
  AR      sound/soc/pxa/built-in.a
  AR      sound/soc/qcom/built-in.a
  AR      sound/soc/rockchip/built-in.a
  AR      sound/soc/samsung/built-in.a
  CC      fs/kernfs/dir.o
  AR      sound/soc/sh/built-in.a
  AR      sound/soc/sirf/built-in.a
  AR      sound/soc/spear/built-in.a
  AR      sound/soc/sti/built-in.a
  AR      sound/soc/stm/built-in.a
  AR      sound/soc/sunxi/built-in.a
  AR      sound/soc/tegra/built-in.a
  AR      sound/soc/txx9/built-in.a
  AR      sound/soc/uniphier/built-in.a
  AR      mm/built-in.a
  AR      sound/soc/ux500/built-in.a
  CC      kernel/cpu.o
  AR      sound/soc/xtensa/built-in.a
  AR      sound/soc/zte/built-in.a
  CC      sound/soc/soc-core.o
  CC      fs/nls/nls_cp437.o
  CC      drivers/char/diag/diag_dci.o
  CC      fs/nls/nls_iso8859-1.o
  CC      fs/nls/nls_utf8.o
  CC      drivers/clk/qcom/clk-pll.o
  AR      fs/nls/built-in.a
  CC      drivers/char/random.o
  CC      fs/kernfs/file.o
  CC      kernel/trace/trace_events_trigger.o
../drivers/char/random.c:476:13: warning: attribute declaration must precede definition [-Wignored-attributes]
} crng_init __read_mostly = CRNG_EMPTY;
            ^
../arch/arm64/include/asm/cache.h:84:38: note: expanded from macro '__read_mostly'
#define __read_mostly __attribute__((__section__(".data..read_mostly")))
                                     ^
../drivers/char/random.c:181:12: note: previous definition is here
static int crng_init = 0;
           ^
../drivers/char/random.c:476:3: error: redefinition of 'crng_init' with a different type: 'enum (anonymous enum at ../drivers/char/random.c:472:8)' vs 'int'
} crng_init __read_mostly = CRNG_EMPTY;
  ^
../drivers/char/random.c:181:12: note: previous definition is here
static int crng_init = 0;
           ^
../drivers/char/random.c:477:9: warning: 'crng_ready' macro redefined [-Wmacro-redefined]
#define crng_ready() (likely(crng_init >= CRNG_READY))
        ^
../drivers/char/random.c:182:9: note: previous definition is here
#define crng_ready() (likely(crng_init > 1))
        ^
../drivers/char/random.c:485:31: error: redefinition of 'urandom_warning'
static struct ratelimit_state urandom_warning =
                              ^
../drivers/char/random.c:194:31: note: previous definition is here
static struct ratelimit_state urandom_warning =
                              ^
../drivers/char/random.c:489:1: error: redefinition of '__check_ratelimit_disable'
module_param_named(ratelimit_disable, ratelimit_disable, int, 0644);
^
../include/linux/moduleparam.h:149:2: note: expanded from macro 'module_param_named'
        param_check_##type(name, &(value));                                \
        ^
<scratch space>:66:1: note: expanded from here
param_check_int
^
../include/linux/moduleparam.h:359:34: note: expanded from macro 'param_check_int'
#define param_check_int(name, p) __param_check(name, p, int)
                                 ^
../include/linux/moduleparam.h:339:38: note: expanded from macro '__param_check'
        static inline type __always_unused *__check_##name(void) { return(p); }
                                            ^
<scratch space>:67:1: note: expanded from here
__check_ratelimit_disable
^
../drivers/char/random.c:199:1: note: previous definition is here
module_param_named(ratelimit_disable, ratelimit_disable, int, 0644);
^
../include/linux/moduleparam.h:149:2: note: expanded from macro 'module_param_named'
        param_check_##type(name, &(value));                                \
        ^
<scratch space>:28:1: note: expanded from here
param_check_int
^
../include/linux/moduleparam.h:359:34: note: expanded from macro 'param_check_int'
#define param_check_int(name, p) __param_check(name, p, int)
                                 ^
../include/linux/moduleparam.h:339:38: note: expanded from macro '__param_check'
        static inline type __always_unused *__check_##name(void) { return(p); }
                                            ^
<scratch space>:29:1: note: expanded from here
__check_ratelimit_disable
^
../drivers/char/random.c:489:1: error: redefinition of '__param_str_ratelimit_disable'
module_param_named(ratelimit_disable, ratelimit_disable, int, 0644);
^
../include/linux/moduleparam.h:150:2: note: expanded from macro 'module_param_named'
        module_param_cb(name, &param_ops_##type, &value, perm);            \
        ^
../include/linux/moduleparam.h:170:2: note: expanded from macro 'module_param_cb'
        __module_param_call(MODULE_PARAM_PREFIX, name, ops, arg, perm, -1, 0)
        ^
../include/linux/moduleparam.h:223:20: note: expanded from macro '__module_param_call'
        static const char __param_str_##name[] = prefix #name;          \
                          ^
<scratch space>:70:1: note: expanded from here
__param_str_ratelimit_disable
^
../drivers/char/random.c:199:1: note: previous definition is here
module_param_named(ratelimit_disable, ratelimit_disable, int, 0644);
^
../include/linux/moduleparam.h:150:2: note: expanded from macro 'module_param_named'
        module_param_cb(name, &param_ops_##type, &value, perm);            \
        ^
../include/linux/moduleparam.h:170:2: note: expanded from macro 'module_param_cb'
        __module_param_call(MODULE_PARAM_PREFIX, name, ops, arg, perm, -1, 0)
        ^
../include/linux/moduleparam.h:223:20: note: expanded from macro '__module_param_call'
        static const char __param_str_##name[] = prefix #name;          \
                          ^
<scratch space>:32:1: note: expanded from here
__param_str_ratelimit_disable
^
../drivers/char/random.c:634:13: error: conflicting types for 'extract_entropy'
static void extract_entropy(void *buf, size_t len);
            ^
../drivers/char/random.c:226:16: note: previous declaration is here
static ssize_t extract_entropy(struct entropy_store *r, void *buf,
               ^
../drivers/char/random.c:637:13: error: conflicting types for 'crng_reseed'
static void crng_reseed(void)
            ^
../drivers/char/random.c:231:13: note: previous declaration is here
static void crng_reseed(struct crng_state *crng, struct entropy_store *r);
            ^
../drivers/char/random.c:643:34: error: too few arguments to function call, expected 5, have 2
        extract_entropy(key, sizeof(key));
        ~~~~~~~~~~~~~~~                 ^
../drivers/char/random.c:226:16: note: 'extract_entropy' declared here
static ssize_t extract_entropy(struct entropy_store *r, void *buf,
               ^
../drivers/char/random.c:744:57: error: too few arguments to function call, expected 5, have 2
                                extract_entropy(base_crng.key, sizeof(base_crng.key));
                                ~~~~~~~~~~~~~~~                                     ^
../drivers/char/random.c:226:16: note: 'extract_entropy' declared here
static ssize_t extract_entropy(struct entropy_store *r, void *buf,
               ^
../drivers/char/random.c:758:15: error: too few arguments to function call, expected 2, have 0
                crng_reseed();
                ~~~~~~~~~~~ ^
../drivers/char/random.c:231:13: note: 'crng_reseed' declared here
static void crng_reseed(struct crng_state *crng, struct entropy_store *r);
            ^
../drivers/char/random.c:788:13: error: conflicting types for '_get_random_bytes'
static void _get_random_bytes(void *buf, size_t len)
            ^
../drivers/char/random.c:190:13: note: previous declaration is here
static void _get_random_bytes(void *buf, int nbytes);
            ^
../drivers/char/random.c:1022:3: error: redefinition of 'input_pool' with a different type: 'struct (anonymous struct at ../drivers/char/random.c:1018:8)' vs 'struct entropy_store'
} input_pool = {
  ^
../drivers/char/random.c:234:29: note: previous definition is here
static struct entropy_store input_pool = {
                            ^
../drivers/char/random.c:1030:13: error: conflicting types for '_mix_pool_bytes'
static void _mix_pool_bytes(const void *buf, size_t len)
            ^
../drivers/char/random.c:255:13: note: previous definition is here
static void _mix_pool_bytes(struct entropy_store *r, const void *in,
            ^
../drivers/char/random.c:1032:29: error: no member named 'hash' in 'struct entropy_store'
        blake2s_update(&input_pool.hash, buf, len);
                        ~~~~~~~~~~ ^
../drivers/char/random.c:1040:13: error: conflicting types for 'mix_pool_bytes'
static void mix_pool_bytes(const void *buf, size_t len)
            ^
../drivers/char/random.c:309:13: note: previous definition is here
static void mix_pool_bytes(struct entropy_store *r, const void *in,
            ^
../drivers/char/random.c:1045:26: error: too few arguments to function call, expected 3, have 2
        _mix_pool_bytes(buf, len);
        ~~~~~~~~~~~~~~~         ^
../drivers/char/random.c:255:13: note: '_mix_pool_bytes' declared here
static void _mix_pool_bytes(struct entropy_store *r, const void *in,
            ^
../drivers/char/random.c:1053:13: error: conflicting types for 'extract_entropy'
static void extract_entropy(void *buf, size_t len)
            ^
../drivers/char/random.c:226:16: note: previous declaration is here
static ssize_t extract_entropy(struct entropy_store *r, void *buf,
               ^
../drivers/char/random.c:1072:28: error: no member named 'hash' in 'struct entropy_store'
        blake2s_final(&input_pool.hash, seed);
                       ~~~~~~~~~~ ^
../drivers/char/random.c:1077:31: error: no member named 'hash' in 'struct entropy_store'
        blake2s_init_key(&input_pool.hash, BLAKE2S_HASH_SIZE, next_key, sizeof(next_key));
                          ~~~~~~~~~~ ^
../drivers/char/random.c:1108:31: error: no member named 'init_bits' in 'struct entropy_store'
                orig = READ_ONCE(input_pool.init_bits);
                                 ~~~~~~~~~~ ^
../include/linux/compiler.h:333:34: note: expanded from macro 'READ_ONCE'
#define READ_ONCE(x) __READ_ONCE(x, 1)
                                 ^
../include/linux/compiler.h:325:17: note: expanded from macro '__READ_ONCE'
        union { typeof(x) __val; char __c[1]; } __u;                    \
                       ^
fatal error: too many errors emitted, stopping now [-ferror-limit=]
2 warnings and 20 errors generated.
make[3]: *** [../scripts/Makefile.build:338: drivers/char/random.o] Error 1
make[3]: *** Waiting for unfinished jobs....
  AR      sound/sparc/built-in.a
  AR      sound/spi/built-in.a
  AR      sound/synth/built-in.a
  CC      fs/kernfs/symlink.o
  CC      drivers/clk/qcom/clk-rcg.o
  CC      drivers/char/diag/diag_masks.o
  AR      drivers/clk/renesas/built-in.a
  CC      drivers/clocksource/timer-of.o
  AR      drivers/clk/ti/built-in.a
  CC      drivers/clk/clk-devres.o
  AR      fs/kernfs/built-in.a
  CC      fs/notify/dnotify/dnotify.o
  CC      drivers/clocksource/timer-probe.o
  CC      drivers/clk/qcom/clk-rcg2.o
  AR      fs/notify/fanotify/built-in.a
  CC      drivers/char/diag/diag_debugfs.o
  CC      kernel/trace/bpf_trace.o
  CC      drivers/clocksource/arm_arch_timer.o
  AR      fs/notify/dnotify/built-in.a
  CC      fs/notify/inotify/inotify_fsnotify.o
../drivers/clk/qcom/clk-rcg2.c:248:9: error: use of undeclared identifier 'tmp'
        return tmp;
               ^
1 error generated.
make[4]: *** [../scripts/Makefile.build:338: drivers/clk/qcom/clk-rcg2.o] Error 1
make[3]: *** [../scripts/Makefile.build:642: drivers/clk/qcom] Error 2
make[2]: *** [../scripts/Makefile.build:642: drivers/clk] Error 2
  CC      kernel/exit.o
make[2]: *** Waiting for unfinished jobs....
  CC      sound/soc/soc-dapm.o
../drivers/clocksource/arm_arch_timer.c:1556:2: error: implicit declaration of function 'get_timer_count_hook_init' [-Werror,-Wimplicit-function-declaration]
        get_timer_count_hook_init();
        ^
../drivers/clocksource/arm_arch_timer.c:1557:2: error: implicit declaration of function 'get_timer_freq_hook_init' [-Werror,-Wimplicit-function-declaration]
        get_timer_freq_hook_init();
        ^
../drivers/clocksource/arm_arch_timer.c:1557:2: note: did you mean 'get_timer_count_hook_init'?
../drivers/clocksource/arm_arch_timer.c:1556:2: note: 'get_timer_count_hook_init' declared here
        get_timer_count_hook_init();
        ^
2 errors generated.
make[3]: *** [../scripts/Makefile.build:338: drivers/clocksource/arm_arch_timer.o] Error 1
make[2]: *** [../scripts/Makefile.build:642: drivers/clocksource] Error 2
  CC      fs/overlayfs/super.o
  CC      fs/notify/inotify/inotify_user.o
  CC      drivers/char/diag/diagfwd_bridge.o
  CC      fs/proc/task_mmu.o
  CC      drivers/char/diag/diagfwd_mhi.o
  CC      fs/overlayfs/namei.o
  AR      fs/notify/inotify/built-in.a
  CC      fs/notify/fsnotify.o
  CC      kernel/trace/trace_kprobe.o
  CC      fs/overlayfs/util.o
  CC      fs/notify/notification.o
  CC      drivers/char/diag/diag_lock.o
  CC      fs/proc/inode.o
  CC      kernel/softirq.o
  CC      drivers/char/diag/lg_diag_bypass.o
  CC      sound/soc/soc-jack.o
  CC      fs/notify/group.o
  CC      fs/overlayfs/inode.o
  CC      fs/proc/root.o
  AR      drivers/char/diag/built-in.a
make[2]: *** [../scripts/Makefile.build:642: drivers/char] Error 2
make[1]: *** [/home/konadev/android_kernel_lge_sm8250/Makefile:1221: drivers] Error 2
  CC      sound/usb/6fire/chip.o
  CC      kernel/trace/power-traces.o
  CC      fs/proc/base.o
  CC      fs/notify/mark.o
  CC      fs/overlayfs/file.o
  CC      sound/usb/6fire/comm.o
  CC      fs/notify/fdinfo.o
  CC      sound/soc/soc-utils.o
  CC      sound/usb/6fire/midi.o
  CC      fs/pstore/inode.o
  AR      fs/notify/built-in.a
  CC      fs/overlayfs/dir.o
  CC      sound/usb/6fire/control.o
  AR      sound/x86/built-in.a
  CC      sound/usb/bcd2000/bcd2000.o
  CC      fs/pstore/platform.o
  CC      sound/soc/soc-pcm.o
  CC      sound/usb/6fire/firmware.o
  CC      kernel/trace/rpm-traces.o
  CC      fs/overlayfs/readdir.o
  AR      sound/usb/bcd2000/built-in.a
  CC      sound/usb/6fire/pcm.o
  CC      fs/pstore/pmsg.o
  AR      sound/xen/built-in.a
  CC      kernel/resource.o
  CC      fs/proc/generic.o
  CC      kernel/trace/trace_probe.o
  CC      fs/pstore/ram.o
  CC      fs/overlayfs/copy_up.o
  AR      sound/usb/6fire/built-in.a
  CC      sound/usb/caiaq/device.o
  CC      fs/proc/array.o
  CC      fs/pstore/ram_core.o
  CC      fs/quota/dquot.o
  CC      kernel/trace/trace_uprobe.o
  CC      sound/usb/caiaq/audio.o
  CC      fs/overlayfs/export.o
  CC      sound/soc/soc-io.o
  AR      fs/pstore/built-in.a
  CC      sound/sound_core.o
  CC      fs/proc/fd.o
  AR      fs/overlayfs/built-in.a
  CC      sound/usb/hiface/chip.o
  CC      kernel/sysctl.o
  CC      sound/usb/caiaq/midi.o
  CC      sound/soc/soc-devres.o
  CC      fs/proc/proc_tty.o
  CC      sound/usb/hiface/pcm.o
  CC      kernel/trace/msm_rtb.o
  CC      sound/usb/caiaq/control.o
  CC      fs/proc/cmdline.o
  CC      fs/quota/quota_v2.o
  CC      sound/soc/soc-ops.o
  AR      sound/usb/hiface/built-in.a
  CC      kernel/sysctl_binary.o
  CC      fs/proc/consoles.o
  CC      sound/usb/caiaq/input.o
  CC      kernel/trace/ipc_logging.o
  CC      fs/quota/quota_tree.o
  CC      fs/ramfs/inode.o
  CC      fs/proc/cpuinfo.o
  CC      fs/proc/devices.o
  CC      fs/ramfs/file-mmu.o
  CC      sound/soc/soc-compress.o
  AR      sound/usb/caiaq/built-in.a
  CC      fs/sdcardfs/dentry.o
  CC      sound/usb/line6/capture.o
  CC      fs/quota/quota.o
  CC      kernel/trace/ipc_logging_debug.o
  CC      fs/sysfs/file.o
  AR      fs/ramfs/built-in.a
  CC      fs/tracefs/inode.o
  CC      fs/proc/interrupts.o
  CC      fs/sdcardfs/file.o
  CC      fs/proc/loadavg.o
  CC      sound/usb/line6/driver.o
  CC      fs/sdcardfs/inode.o
  CC      fs/proc/meminfo.o
  CC      fs/sysfs/dir.o
  AR      sound/soc/built-in.a
  AR      fs/tracefs/built-in.a
  CC      fs/verity/enable.o
  CC      fs/open.o
  AR      kernel/trace/built-in.a
  CC      kernel/capability.o
  CC      fs/quota/kqid.o
  CC      fs/quota/netlink.o
  CC      fs/sysfs/symlink.o
  CC      fs/proc/stat.o
  CC      fs/sdcardfs/main.o
  CC      sound/usb/line6/midi.o
  CC      kernel/ptrace.o
  CC      fs/verity/hash_algs.o
  CC      fs/proc/uptime.o
  CC      kernel/user.o
  CC      fs/sdcardfs/super.o
  CC      sound/usb/line6/midibuf.o
  AR      fs/quota/built-in.a
  CC      fs/sysfs/mount.o
  CC      kernel/signal.o
  CC      fs/verity/init.o
  CC      fs/proc/util.o
  CC      sound/usb/line6/pcm.o
  CC      fs/sysfs/group.o
  CC      fs/proc/version.o
  CC      fs/verity/measure.o
  CC      fs/sdcardfs/lookup.o
  CC      sound/usb/misc/ua101.o
  CC      fs/proc/softirqs.o
  AR      fs/sysfs/built-in.a
  CC      fs/proc/namespaces.o
  CC      fs/verity/open.o
  CC      sound/last.o
  CC      sound/usb/line6/playback.o
  CC      fs/sdcardfs/mmap.o
  AR      sound/usb/usx2y/built-in.a
  CC      fs/read_write.o
  CC      fs/verity/verify.o
  AR      sound/usb/misc/built-in.a
  CC      kernel/sys.o
  CC      fs/proc/self.o
  CC      fs/sdcardfs/packagelist.o
  CC      kernel/umh.o
  CC      sound/usb/line6/pod.o
  CC      fs/proc/thread_self.o
  CC      fs/verity/signature.o
  CC      sound/usb/line6/podhd.o
  CC      fs/proc/proc_sysctl.o
  CC      sound/usb/line6/toneport.o
  CC      fs/file_table.o
  AR      fs/verity/built-in.a
  CC      sound/usb/card.o
  CC      fs/sdcardfs/derived_perm.o
  CC      kernel/workqueue.o
  CC      sound/usb/line6/variax.o
  CC      sound/usb/clock.o
  AR      fs/sdcardfs/built-in.a
  CC      fs/proc/proc_net.o
  CC      fs/super.o
  CC      kernel/pid.o
  CC      sound/usb/endpoint.o
  CC      sound/usb/format.o
  AR      sound/usb/line6/built-in.a
  CC      fs/proc/kmsg.o
  CC      fs/char_dev.o
  CC      kernel/task_work.o
  CC      fs/proc/page.o
  CC      sound/usb/helper.o
  CC      fs/stat.o
  CC      kernel/extable.o
  CC      kernel/params.o
  CC      sound/usb/mixer.o
  AR      fs/proc/built-in.a
  CC      fs/exec.o
  CC      kernel/kthread.o
  CC      fs/pipe.o
  CC      sound/usb/mixer_quirks.o
  CC      fs/namei.o
  CC      sound/usb/mixer_scarlett.o
  CC      fs/fcntl.o
  CC      sound/usb/mixer_us16x08.o
  CC      kernel/sys_ni.o
  CC      sound/usb/pcm.o
  CC      fs/ioctl.o
  CC      kernel/nsproxy.o
  CC      sound/usb/power.o
  CC      fs/readdir.o
  CC      kernel/notifier.o
  CC      sound/usb/proc.o
  CC      kernel/ksysfs.o
  CC      fs/select.o
  CC      sound/usb/quirks.o
  CC      kernel/cred.o
  CC      fs/dcache.o
  CC      kernel/reboot.o
  CC      sound/usb/stream.o
  CC      fs/inode.o
  CC      kernel/async.o
  CC      sound/usb/validate.o
  CC      kernel/range.o
  CC      fs/attr.o
  CC      kernel/smpboot.o
  CC      sound/usb/midi.o
  CC      fs/bad_inode.o
  CC      kernel/ucount.o
  CC      fs/file.o
  CC      sound/usb/usb_audio_qmi_v01.o
  CC      kernel/kmod.o
  CC      sound/usb/usb_audio_qmi_svc.o
  CC      fs/filesystems.o
  CC      kernel/groups.o
  CC      fs/namespace.o
  CC      kernel/freezer.o
  CC      kernel/profile.o
  CC      kernel/stacktrace.o
  CC      kernel/futex.o
  CC      fs/seq_file.o
  AR      sound/usb/built-in.a
  AR      sound/built-in.a
  CC      kernel/smp.o
  CC      fs/xattr.o
  CC      kernel/uid16.o
  CC      fs/libfs.o
  CC      kernel/module.o
  CC      fs/fs-writeback.o
  CC      kernel/module_signing.o
  CC      kernel/kallsyms.o
  CC      fs/pnode.o
  CC      kernel/compat.o
  CC      kernel/utsname.o
  GZIP    kernel/config_data.gz
  CC      fs/splice.o
  CC      kernel/kheaders.o
  CC      fs/sync.o
  CC      kernel/stop_machine.o
  CC      fs/utimes.o
  CC      fs/d_path.o
  CC      kernel/audit.o
  CC      kernel/auditfilter.o
  CC      fs/stack.o
  CC      kernel/auditsc.o
  CC      fs/fs_struct.o
  CC      fs/statfs.o
  CC      kernel/audit_watch.o
  CC      fs/fs_pin.o
  CC      kernel/audit_fsnotify.o
  CC      kernel/audit_tree.o
  CC      fs/nsfs.o
  CC      kernel/kprobes.o
  CC      fs/sreadahead_prof.o
  CC      kernel/hung_task.o
  CC      fs/buffer.o
  CC      kernel/watchdog.o
  CC      fs/block_dev.o
  CC      kernel/seccomp.o
  CC      fs/direct-io.o
  CC      kernel/relay.o
  CC      fs/mpage.o
  CC      kernel/utsname_sysctl.o
  CC      fs/proc_namespace.o
  CC      kernel/taskstats.o
  CC      fs/eventpoll.o
  CC      fs/anon_inodes.o
  CC      kernel/tsacct.o
  CC      fs/signalfd.o
  CC      kernel/tracepoint.o
  CC      fs/timerfd.o
  CC      fs/eventfd.o
  CC      fs/aio.o
  CC      fs/locks.o
  CC      kernel/irq_work.o
  CC      fs/compat.o
  CC      kernel/cpu_pm.o
  CC      fs/compat_ioctl.o
  CC      kernel/iomem.o
  CC      fs/binfmt_script.o
  CC      kernel/rseq.o
  UPD     kernel/config_data.h
  CC      fs/binfmt_elf.o
  CC      fs/compat_binfmt_elf.o
  CC      kernel/configs.o
  CC      fs/mbcache.o
  CC      fs/posix_acl.o
  AR      kernel/built-in.a
  CC      fs/coredump.o
  CC      fs/drop_caches.o
  CC      fs/iomap.o
  CC      fs/dcookies.o
  AR      fs/built-in.a
make: *** [Makefile:153: sub-make] Error 2
