  GEN     ./Makefile
  Using .. as source for kernel
  CALL    ../scripts/checksyscalls.sh
  CHK     include/generated/compile.h
  CC      kernel/printk/printk.o
  CC      kernel/power/main.o
  CC      kernel/rcu/update.o
  CC      mm/page_owner.o
  CC      kernel/sched/core.o
  CC      fs/ext4/extents.o
  CC      fs/f2fs/file.o
  CC      fs/fat/dir.o
  CC      mm/cleancache.o
  CC      kernel/power/process.o
  CC      mm/page_isolation.o
  CC      kernel/power/suspend.o
  CC      kernel/rcu/sync.o
  CC      kernel/printk/printk_safe.o
  CC      kernel/rcu/srcutree.o
  CC      mm/zsmalloc.o
  AR      kernel/printk/built-in.a
  CC      kernel/sched/loadavg.o
  CC      fs/fat/fatent.o
  CC      kernel/rcu/tree.o
  CC      kernel/power/wakelock.o
  CC      fs/ext4/extents_status.o
  CC      mm/early_ioremap.o
  CC      fs/ext4/file.o
  CC      fs/fat/file.o
  CC      kernel/power/poweroff.o
  CC      kernel/power/energy_model.o
  CC      mm/cma.o
  CC      fs/f2fs/inode.o
  CC      kernel/power/wakeup_reason.o
  CC      fs/fuse/dev.o
  CC      fs/ext4/fsmap.o
  CC      fs/fat/inode.o
  AR      kernel/power/built-in.a
  CC      fs/fuse/dir.o
  CC      mm/page_ext.o
  CC      fs/f2fs/namei.o
  CC      mm/cma_debug.o
  CC      fs/ext4/fsync.o
  CC      mm/frame_vector.o
  CC      mm/usercopy.o
  CC      fs/fat/misc.o
  CC      kernel/sched/clock.o
  CC      kernel/rcu/rcu_segcblist.o
  CC      mm/memfd.o
  CC      fs/ext4/hash.o
  CC      fs/fat/nfs.o
  CC      fs/fuse/file.o
  AR      kernel/rcu/built-in.a
  CC      fs/incfs/data_mgmt.o
  CC      fs/jbd2/transaction.o
  CC      fs/f2fs/hash.o
  CC      fs/fat/namei_vfat.o
  CC      kernel/sched/cputime.o
  CC      mm/process_reclaim.o
  CC      fs/ext4/ialloc.o
  CC      fs/f2fs/super.o
  CC      fs/incfs/format.o
  CC      fs/fat/namei_msdos.o
  AR      mm/built-in.a
  CC      fs/ext4/indirect.o
  CC      fs/incfs/integrity.o
  CC      kernel/sched/idle.o
  CC      fs/jbd2/commit.o
  CC      fs/incfs/main.o
  AR      fs/fat/built-in.a
  CC      fs/kernfs/mount.o
  CC      fs/fuse/inode.o
  CC      kernel/time/time.o
  CC      fs/incfs/vfs.o
  CC      fs/ext4/inline.o
  CC      fs/kernfs/inode.o
  CC      fs/jbd2/recovery.o
  CC      kernel/sched/fair.o
  CC      fs/kernfs/dir.o
  CC      kernel/time/timer.o
  CC      fs/fuse/control.o
../kernel/sched/fair.c:7211:25: warning: unused variable 'util_cfs' [-Wunused-variable]
        unsigned int max_util, util_cfs, cpu_util, cpu_cap;
                               ^
../kernel/sched/fair.c:7213:22: warning: unused variable 'tsk' [-Wunused-variable]
        struct task_struct *tsk;
                            ^
../kernel/sched/fair.c:9090:15: warning: unused variable 'cpus' [-Wunused-variable]
                        cpumask_t *cpus = sched_group_span(group);
                                   ^
../kernel/sched/fair.c:30:20: warning: function 'task_fits_max' has internal linkage but is not defined [-Wundefined-internal]
static inline bool task_fits_max(struct task_struct *p, int cpu);
                   ^
../kernel/sched/fair.c:5420:15: note: used here
        p->misfit = !task_fits_max(p, rq->cpu);
                     ^
  CC      fs/jbd2/checkpoint.o
  CC      fs/ext4/inode.o
  AR      fs/incfs/built-in.a
  CC      fs/fuse/xattr.o
  CC      fs/jbd2/revoke.o
  CC      drivers/char/diag/diag_dci.o
  CC      fs/kernfs/file.o
  CC      fs/fuse/acl.o
  CC      fs/f2fs/inline.o
  CC      fs/jbd2/journal.o
  AR      fs/fuse/built-in.a
  CC      fs/f2fs/checkpoint.o
  CC      fs/kernfs/symlink.o
  CC      kernel/time/hrtimer.o
  CC      drivers/char/diag/diag_masks.o
  AR      fs/kernfs/built-in.a
  CC      fs/nls/nls_base.o
  CC      kernel/trace/trace_clock.o
  CC      fs/nls/nls_cp437.o
  CC      kernel/trace/ftrace.o
  CC      fs/nls/nls_iso8859-1.o
  CC      kernel/time/timekeeping.o
  CC      fs/f2fs/gc.o
  CC      fs/nls/nls_utf8.o
  AR      fs/jbd2/built-in.a
  CC      fs/ext4/ioctl.o
  AR      fs/nls/built-in.a
  CC      kernel/sched/rt.o
  CC      drivers/char/diag/diag_debugfs.o
4 warnings generated.
  CC      kernel/trace/ring_buffer.o
  CC      sound/usb/stream.o
  CC      kernel/time/ntp.o
  CC      drivers/char/diag/diagfwd_bridge.o
  CC      kernel/time/clocksource.o
  CC      fs/ext4/mballoc.o
  CC      drivers/char/diag/diagfwd_mhi.o
  CC      kernel/sched/deadline.o
  CC      sound/usb/validate.o
  CC      kernel/time/jiffies.o
  CC      fs/f2fs/data.o
  CC      sound/usb/midi.o
  CC      kernel/freezer.o
  CC      kernel/time/timer_list.o
  CC      drivers/char/diag/diag_lock.o
  CC      kernel/trace/trace.o
  CC      drivers/char/diag/lg_diag_bypass.o
  CC      kernel/time/timeconv.o
  CC      kernel/trace/trace_output.o
  CC      kernel/sched/wait.o
  CC      kernel/time/timecounter.o
  CC      sound/usb/6fire/chip.o
  CC      kernel/time/alarmtimer.o
  AR      drivers/char/diag/built-in.a
  CC      drivers/char/random.o
  CC      sound/usb/6fire/comm.o
../drivers/char/random.c:367:2: error: incomplete definition of type 'struct random_ready_callback'
        list_for_each_entry_safe(rdy, tmp, &random_ready_list, list) {
        ^~~~~~~~~~~~~~~~~~~~~~~~~~~~~~~~~~~~~~~~~~~~~~~~~~~~~~~~~~~~
../include/linux/list.h:601:13: note: expanded from macro 'list_for_each_entry_safe'
        for (pos = list_first_entry(head, typeof(*pos), member),        \
                   ^~~~~~~~~~~~~~~~~~~~~~~~~~~~~~~~~~~~~~~~~~~~
../include/linux/list.h:418:2: note: expanded from macro 'list_first_entry'
        list_entry((ptr)->next, type, member)
        ^~~~~~~~~~~~~~~~~~~~~~~~~~~~~~~~~~~~~
../include/linux/list.h:407:2: note: expanded from macro 'list_entry'
        container_of(ptr, type, member)
        ^~~~~~~~~~~~~~~~~~~~~~~~~~~~~~~
note: (skipping 3 expansions in backtrace; use -fmacro-backtrace-limit=0 to see all)
../include/linux/compiler.h:418:22: note: expanded from macro 'compiletime_assert'
        _compiletime_assert(condition, msg, __compiletime_assert_, __COUNTER__)
        ~~~~~~~~~~~~~~~~~~~~^~~~~~~~~~~~~~~~~~~~~~~~~~~~~~~~~~~~~~~~~~~~~~~~~~~
../include/linux/compiler.h:406:23: note: expanded from macro '_compiletime_assert'
        __compiletime_assert(condition, msg, prefix, suffix)
        ~~~~~~~~~~~~~~~~~~~~~^~~~~~~~~~~~~~~~~~~~~~~~~~~~~~~
../include/linux/compiler.h:398:9: note: expanded from macro '__compiletime_assert'
                if (!(condition))                                               \
                      ^~~~~~~~~
../drivers/char/random.c:364:9: note: forward declaration of 'struct random_ready_callback'
        struct random_ready_callback *rdy, *tmp;
               ^
../drivers/char/random.c:367:2: error: offsetof of incomplete type 'typeof (*rdy)' (aka 'struct random_ready_callback')
        list_for_each_entry_safe(rdy, tmp, &random_ready_list, list) {
        ^~~~~~~~~~~~~~~~~~~~~~~~~~~~~~~~~~~~~~~~~~~~~~~~~~~~~~~~~~~~
../include/linux/list.h:601:13: note: expanded from macro 'list_for_each_entry_safe'
        for (pos = list_first_entry(head, typeof(*pos), member),        \
                   ^~~~~~~~~~~~~~~~~~~~~~~~~~~~~~~~~~~~~~~~~~~~
../include/linux/list.h:418:2: note: expanded from macro 'list_first_entry'
        list_entry((ptr)->next, type, member)
        ^~~~~~~~~~~~~~~~~~~~~~~~~~~~~~~~~~~~~
../include/linux/list.h:407:2: note: expanded from macro 'list_entry'
        container_of(ptr, type, member)
        ^~~~~~~~~~~~~~~~~~~~~~~~~~~~~~~
../include/linux/kernel.h:979:21: note: expanded from macro 'container_of'
        ((type *)(__mptr - offsetof(type, member))); })
                           ^~~~~~~~~~~~~~~~~~~~~~
../include/linux/stddef.h:17:32: note: expanded from macro 'offsetof'
#define offsetof(TYPE, MEMBER)  __compiler_offsetof(TYPE, MEMBER)
                                ^~~~~~~~~~~~~~~~~~~~~~~~~~~~~~~~~
../include/linux/compiler_types.h:258:35: note: expanded from macro '__compiler_offsetof'
#define __compiler_offsetof(a, b)       __builtin_offsetof(a, b)
                                        ^                  ~
../drivers/char/random.c:364:9: note: forward declaration of 'struct random_ready_callback'
        struct random_ready_callback *rdy, *tmp;
               ^
../drivers/char/random.c:367:2: error: assigning to 'struct random_ready_callback *' from incompatible type 'void'
        list_for_each_entry_safe(rdy, tmp, &random_ready_list, list) {
        ^~~~~~~~~~~~~~~~~~~~~~~~~~~~~~~~~~~~~~~~~~~~~~~~~~~~~~~~~~~~
../include/linux/list.h:601:11: note: expanded from macro 'list_for_each_entry_safe'
        for (pos = list_first_entry(head, typeof(*pos), member),        \
                 ^ ~~~~~~~~~~~~~~~~~~~~~~~~~~~~~~~~~~~~~~~~~~~~
../drivers/char/random.c:367:2: error: incomplete definition of type 'struct random_ready_callback'
        list_for_each_entry_safe(rdy, tmp, &random_ready_list, list) {
        ^~~~~~~~~~~~~~~~~~~~~~~~~~~~~~~~~~~~~~~~~~~~~~~~~~~~~~~~~~~~
../include/linux/list.h:602:7: note: expanded from macro 'list_for_each_entry_safe'
                n = list_next_entry(pos, member);                       \
                    ^~~~~~~~~~~~~~~~~~~~~~~~~~~~
../include/linux/list.h:451:18: note: expanded from macro 'list_next_entry'
        list_entry((pos)->member.next, typeof(*(pos)), member)
        ~~~~~~~~~~~~~~~~^~~~~~~~~~~~~~~~~~~~~~~~~~~~~~~~~~~~~~
../include/linux/list.h:407:15: note: expanded from macro 'list_entry'
        container_of(ptr, type, member)
        ~~~~~~~~~~~~~^~~~~~~~~~~~~~~~~~
../include/linux/kernel.h:975:26: note: expanded from macro 'container_of'
        void *__mptr = (void *)(ptr);                                   \
                                ^~~
../drivers/char/random.c:364:9: note: forward declaration of 'struct random_ready_callback'
        struct random_ready_callback *rdy, *tmp;
               ^
../drivers/char/random.c:367:2: error: incomplete definition of type 'struct random_ready_callback'
        list_for_each_entry_safe(rdy, tmp, &random_ready_list, list) {
        ^~~~~~~~~~~~~~~~~~~~~~~~~~~~~~~~~~~~~~~~~~~~~~~~~~~~~~~~~~~~
../include/linux/list.h:602:7: note: expanded from macro 'list_for_each_entry_safe'
                n = list_next_entry(pos, member);                       \
                    ^~~~~~~~~~~~~~~~~~~~~~~~~~~~
../include/linux/list.h:451:18: note: expanded from macro 'list_next_entry'
        list_entry((pos)->member.next, typeof(*(pos)), member)
        ~~~~~~~~~~~~~~~~^~~~~~~~~~~~~~~~~~~~~~~~~~~~~~~~~~~~~~
../include/linux/list.h:407:15: note: expanded from macro 'list_entry'
        container_of(ptr, type, member)
        ~~~~~~~~~~~~~^~~~~~~~~~~~~~~~~~
note: (skipping 3 expansions in backtrace; use -fmacro-backtrace-limit=0 to see all)
../include/linux/compiler.h:418:22: note: expanded from macro 'compiletime_assert'
        _compiletime_assert(condition, msg, __compiletime_assert_, __COUNTER__)
        ~~~~~~~~~~~~~~~~~~~~^~~~~~~~~~~~~~~~~~~~~~~~~~~~~~~~~~~~~~~~~~~~~~~~~~~
../include/linux/compiler.h:406:23: note: expanded from macro '_compiletime_assert'
        __compiletime_assert(condition, msg, prefix, suffix)
        ~~~~~~~~~~~~~~~~~~~~~^~~~~~~~~~~~~~~~~~~~~~~~~~~~~~~
../include/linux/compiler.h:398:9: note: expanded from macro '__compiletime_assert'
                if (!(condition))                                               \
                      ^~~~~~~~~
../drivers/char/random.c:364:9: note: forward declaration of 'struct random_ready_callback'
        struct random_ready_callback *rdy, *tmp;
               ^
../drivers/char/random.c:367:2: error: incomplete definition of type 'struct random_ready_callback'
        list_for_each_entry_safe(rdy, tmp, &random_ready_list, list) {
        ^~~~~~~~~~~~~~~~~~~~~~~~~~~~~~~~~~~~~~~~~~~~~~~~~~~~~~~~~~~~
../include/linux/list.h:602:7: note: expanded from macro 'list_for_each_entry_safe'
                n = list_next_entry(pos, member);                       \
                    ^~~~~~~~~~~~~~~~~~~~~~~~~~~~
../include/linux/list.h:451:18: note: expanded from macro 'list_next_entry'
        list_entry((pos)->member.next, typeof(*(pos)), member)
        ~~~~~~~~~~~~~~~~^~~~~~~~~~~~~~~~~~~~~~~~~~~~~~~~~~~~~~
../include/linux/list.h:407:15: note: expanded from macro 'list_entry'
        container_of(ptr, type, member)
        ~~~~~~~~~~~~~^~~~~~~~~~~~~~~~~~
note: (skipping 3 expansions in backtrace; use -fmacro-backtrace-limit=0 to see all)
../include/linux/compiler.h:418:22: note: expanded from macro 'compiletime_assert'
        _compiletime_assert(condition, msg, __compiletime_assert_, __COUNTER__)
        ~~~~~~~~~~~~~~~~~~~~^~~~~~~~~~~~~~~~~~~~~~~~~~~~~~~~~~~~~~~~~~~~~~~~~~~
../include/linux/compiler.h:406:23: note: expanded from macro '_compiletime_assert'
        __compiletime_assert(condition, msg, prefix, suffix)
        ~~~~~~~~~~~~~~~~~~~~~^~~~~~~~~~~~~~~~~~~~~~~~~~~~~~~
../include/linux/compiler.h:398:9: note: expanded from macro '__compiletime_assert'
                if (!(condition))                                               \
                      ^~~~~~~~~
../drivers/char/random.c:364:9: note: forward declaration of 'struct random_ready_callback'
        struct random_ready_callback *rdy, *tmp;
               ^
../drivers/char/random.c:367:2: error: offsetof of incomplete type 'typeof (*(rdy))' (aka 'struct random_ready_callback')
        list_for_each_entry_safe(rdy, tmp, &random_ready_list, list) {
        ^~~~~~~~~~~~~~~~~~~~~~~~~~~~~~~~~~~~~~~~~~~~~~~~~~~~~~~~~~~~
../include/linux/list.h:602:7: note: expanded from macro 'list_for_each_entry_safe'
                n = list_next_entry(pos, member);                       \
                    ^~~~~~~~~~~~~~~~~~~~~~~~~~~~
../include/linux/list.h:451:2: note: expanded from macro 'list_next_entry'
        list_entry((pos)->member.next, typeof(*(pos)), member)
        ^~~~~~~~~~~~~~~~~~~~~~~~~~~~~~~~~~~~~~~~~~~~~~~~~~~~~~
../include/linux/list.h:407:2: note: expanded from macro 'list_entry'
        container_of(ptr, type, member)
        ^~~~~~~~~~~~~~~~~~~~~~~~~~~~~~~
../include/linux/kernel.h:979:21: note: expanded from macro 'container_of'
        ((type *)(__mptr - offsetof(type, member))); })
                           ^~~~~~~~~~~~~~~~~~~~~~
../include/linux/stddef.h:17:32: note: expanded from macro 'offsetof'
#define offsetof(TYPE, MEMBER)  __compiler_offsetof(TYPE, MEMBER)
                                ^~~~~~~~~~~~~~~~~~~~~~~~~~~~~~~~~
../include/linux/compiler_types.h:258:35: note: expanded from macro '__compiler_offsetof'
#define __compiler_offsetof(a, b)       __builtin_offsetof(a, b)
                                        ^                  ~
../drivers/char/random.c:364:9: note: forward declaration of 'struct random_ready_callback'
        struct random_ready_callback *rdy, *tmp;
               ^
../drivers/char/random.c:367:2: error: assigning to 'struct random_ready_callback *' from incompatible type 'void'
        list_for_each_entry_safe(rdy, tmp, &random_ready_list, list) {
        ^~~~~~~~~~~~~~~~~~~~~~~~~~~~~~~~~~~~~~~~~~~~~~~~~~~~~~~~~~~~
../include/linux/list.h:602:5: note: expanded from macro 'list_for_each_entry_safe'
                n = list_next_entry(pos, member);                       \
                  ^ ~~~~~~~~~~~~~~~~~~~~~~~~~~~~
../drivers/char/random.c:367:2: error: incomplete definition of type 'struct random_ready_callback'
        list_for_each_entry_safe(rdy, tmp, &random_ready_list, list) {
        ^                        ~~~
../include/linux/list.h:603:8: note: expanded from macro 'list_for_each_entry_safe'
             !list_entry_is_head(pos, head, member);                    \
              ^                  ~~~
../include/linux/list.h:505:7: note: expanded from macro 'list_entry_is_head'
        (&pos->member == (head))
          ~~~^
../drivers/char/random.c:364:9: note: forward declaration of 'struct random_ready_callback'
        struct random_ready_callback *rdy, *tmp;
               ^
../drivers/char/random.c:367:2: error: incomplete definition of type 'struct random_ready_callback'
        list_for_each_entry_safe(rdy, tmp, &random_ready_list, list) {
        ^~~~~~~~~~~~~~~~~~~~~~~~~~~~~~~~~~~~~~~~~~~~~~~~~~~~~~~~~~~~
../include/linux/list.h:604:20: note: expanded from macro 'list_for_each_entry_safe'
             pos = n, n = list_next_entry(n, member))
                          ^~~~~~~~~~~~~~~~~~~~~~~~~~
../include/linux/list.h:451:18: note: expanded from macro 'list_next_entry'
        list_entry((pos)->member.next, typeof(*(pos)), member)
        ~~~~~~~~~~~~~~~~^~~~~~~~~~~~~~~~~~~~~~~~~~~~~~~~~~~~~~
../include/linux/list.h:407:15: note: expanded from macro 'list_entry'
        container_of(ptr, type, member)
        ~~~~~~~~~~~~~^~~~~~~~~~~~~~~~~~
../include/linux/kernel.h:975:26: note: expanded from macro 'container_of'
        void *__mptr = (void *)(ptr);                                   \
                                ^~~
../drivers/char/random.c:364:9: note: forward declaration of 'struct random_ready_callback'
        struct random_ready_callback *rdy, *tmp;
               ^
../drivers/char/random.c:367:2: error: incomplete definition of type 'struct random_ready_callback'
        list_for_each_entry_safe(rdy, tmp, &random_ready_list, list) {
        ^~~~~~~~~~~~~~~~~~~~~~~~~~~~~~~~~~~~~~~~~~~~~~~~~~~~~~~~~~~~
../include/linux/list.h:604:20: note: expanded from macro 'list_for_each_entry_safe'
             pos = n, n = list_next_entry(n, member))
                          ^~~~~~~~~~~~~~~~~~~~~~~~~~
../include/linux/list.h:451:18: note: expanded from macro 'list_next_entry'
        list_entry((pos)->member.next, typeof(*(pos)), member)
        ~~~~~~~~~~~~~~~~^~~~~~~~~~~~~~~~~~~~~~~~~~~~~~~~~~~~~~
../include/linux/list.h:407:15: note: expanded from macro 'list_entry'
        container_of(ptr, type, member)
        ~~~~~~~~~~~~~^~~~~~~~~~~~~~~~~~
note: (skipping 3 expansions in backtrace; use -fmacro-backtrace-limit=0 to see all)
../include/linux/compiler.h:418:22: note: expanded from macro 'compiletime_assert'
        _compiletime_assert(condition, msg, __compiletime_assert_, __COUNTER__)
        ~~~~~~~~~~~~~~~~~~~~^~~~~~~~~~~~~~~~~~~~~~~~~~~~~~~~~~~~~~~~~~~~~~~~~~~
../include/linux/compiler.h:406:23: note: expanded from macro '_compiletime_assert'
        __compiletime_assert(condition, msg, prefix, suffix)
        ~~~~~~~~~~~~~~~~~~~~~^~~~~~~~~~~~~~~~~~~~~~~~~~~~~~~
../include/linux/compiler.h:398:9: note: expanded from macro '__compiletime_assert'
                if (!(condition))                                               \
                      ^~~~~~~~~
../drivers/char/random.c:364:9: note: forward declaration of 'struct random_ready_callback'
        struct random_ready_callback *rdy, *tmp;
               ^
../drivers/char/random.c:367:2: error: incomplete definition of type 'struct random_ready_callback'
        list_for_each_entry_safe(rdy, tmp, &random_ready_list, list) {
        ^~~~~~~~~~~~~~~~~~~~~~~~~~~~~~~~~~~~~~~~~~~~~~~~~~~~~~~~~~~~
../include/linux/list.h:604:20: note: expanded from macro 'list_for_each_entry_safe'
             pos = n, n = list_next_entry(n, member))
                          ^~~~~~~~~~~~~~~~~~~~~~~~~~
../include/linux/list.h:451:18: note: expanded from macro 'list_next_entry'
        list_entry((pos)->member.next, typeof(*(pos)), member)
        ~~~~~~~~~~~~~~~~^~~~~~~~~~~~~~~~~~~~~~~~~~~~~~~~~~~~~~
../include/linux/list.h:407:15: note: expanded from macro 'list_entry'
        container_of(ptr, type, member)
        ~~~~~~~~~~~~~^~~~~~~~~~~~~~~~~~
note: (skipping 3 expansions in backtrace; use -fmacro-backtrace-limit=0 to see all)
../include/linux/compiler.h:418:22: note: expanded from macro 'compiletime_assert'
        _compiletime_assert(condition, msg, __compiletime_assert_, __COUNTER__)
        ~~~~~~~~~~~~~~~~~~~~^~~~~~~~~~~~~~~~~~~~~~~~~~~~~~~~~~~~~~~~~~~~~~~~~~~
../include/linux/compiler.h:406:23: note: expanded from macro '_compiletime_assert'
        __compiletime_assert(condition, msg, prefix, suffix)
        ~~~~~~~~~~~~~~~~~~~~~^~~~~~~~~~~~~~~~~~~~~~~~~~~~~~~
../include/linux/compiler.h:398:9: note: expanded from macro '__compiletime_assert'
                if (!(condition))                                               \
                      ^~~~~~~~~
../drivers/char/random.c:364:9: note: forward declaration of 'struct random_ready_callback'
        struct random_ready_callback *rdy, *tmp;
               ^
../drivers/char/random.c:367:2: error: offsetof of incomplete type 'typeof (*(tmp))' (aka 'struct random_ready_callback')
        list_for_each_entry_safe(rdy, tmp, &random_ready_list, list) {
        ^~~~~~~~~~~~~~~~~~~~~~~~~~~~~~~~~~~~~~~~~~~~~~~~~~~~~~~~~~~~
../include/linux/list.h:604:20: note: expanded from macro 'list_for_each_entry_safe'
             pos = n, n = list_next_entry(n, member))
                          ^~~~~~~~~~~~~~~~~~~~~~~~~~
../include/linux/list.h:451:2: note: expanded from macro 'list_next_entry'
        list_entry((pos)->member.next, typeof(*(pos)), member)
        ^~~~~~~~~~~~~~~~~~~~~~~~~~~~~~~~~~~~~~~~~~~~~~~~~~~~~~
../include/linux/list.h:407:2: note: expanded from macro 'list_entry'
        container_of(ptr, type, member)
        ^~~~~~~~~~~~~~~~~~~~~~~~~~~~~~~
../include/linux/kernel.h:979:21: note: expanded from macro 'container_of'
        ((type *)(__mptr - offsetof(type, member))); })
                           ^~~~~~~~~~~~~~~~~~~~~~
../include/linux/stddef.h:17:32: note: expanded from macro 'offsetof'
#define offsetof(TYPE, MEMBER)  __compiler_offsetof(TYPE, MEMBER)
                                ^~~~~~~~~~~~~~~~~~~~~~~~~~~~~~~~~
../include/linux/compiler_types.h:258:35: note: expanded from macro '__compiler_offsetof'
#define __compiler_offsetof(a, b)       __builtin_offsetof(a, b)
                                        ^                  ~
../drivers/char/random.c:364:9: note: forward declaration of 'struct random_ready_callback'
        struct random_ready_callback *rdy, *tmp;
               ^
../drivers/char/random.c:367:2: error: assigning to 'struct random_ready_callback *' from incompatible type 'void'
        list_for_each_entry_safe(rdy, tmp, &random_ready_list, list) {
        ^~~~~~~~~~~~~~~~~~~~~~~~~~~~~~~~~~~~~~~~~~~~~~~~~~~~~~~~~~~~
../include/linux/list.h:604:18: note: expanded from macro 'list_for_each_entry_safe'
             pos = n, n = list_next_entry(n, member))
                        ^ ~~~~~~~~~~~~~~~~~~~~~~~~~~
../drivers/char/random.c:368:29: error: incomplete definition of type 'struct random_ready_callback'
                struct module *owner = rdy->owner;
                                       ~~~^
../drivers/char/random.c:364:9: note: forward declaration of 'struct random_ready_callback'
        struct random_ready_callback *rdy, *tmp;
               ^
../drivers/char/random.c:370:21: error: incomplete definition of type 'struct random_ready_callback'
                list_del_init(&rdy->list);
                               ~~~^
../drivers/char/random.c:364:9: note: forward declaration of 'struct random_ready_callback'
        struct random_ready_callback *rdy, *tmp;
               ^
../drivers/char/random.c:371:6: error: incomplete definition of type 'struct random_ready_callback'
                rdy->func(rdy);
                ~~~^
../drivers/char/random.c:364:9: note: forward declaration of 'struct random_ready_callback'
        struct random_ready_callback *rdy, *tmp;
               ^
../drivers/char/random.c:493:13: warning: attribute declaration must precede definition [-Wignored-attributes]
} crng_init __read_mostly = CRNG_EMPTY;
            ^
../arch/arm64/include/asm/cache.h:84:38: note: expanded from macro '__read_mostly'
#define __read_mostly __attribute__((__section__(".data..read_mostly")))
                                     ^
../drivers/char/random.c:184:12: note: previous definition is here
static int crng_init = 0;
           ^
../drivers/char/random.c:493:3: error: redefinition of 'crng_init' with a different type: 'enum (anonymous enum at ../drivers/char/random.c:489:8)' vs 'int'
} crng_init __read_mostly = CRNG_EMPTY;
  ^
../drivers/char/random.c:184:12: note: previous definition is here
static int crng_init = 0;
           ^
../drivers/char/random.c:494:9: warning: 'crng_ready' macro redefined [-Wmacro-redefined]
#define crng_ready() (likely(crng_init >= CRNG_READY))
        ^
../drivers/char/random.c:185:9: note: previous definition is here
#define crng_ready() (likely(crng_init > 1))
        ^
../drivers/char/random.c:502:31: error: redefinition of 'urandom_warning'
static struct ratelimit_state urandom_warning =
                              ^
../drivers/char/random.c:197:31: note: previous definition is here
static struct ratelimit_state urandom_warning =
                              ^
fatal error: too many errors emitted, stopping now [-ferror-limit=]
2 warnings and 20 errors generated.
make[3]: *** [../scripts/Makefile.build:338: drivers/char/random.o] Error 1
make[2]: *** [../scripts/Makefile.build:642: drivers/char] Error 2
make[1]: *** [/home/konadev/android_kernel_lge_sm8250/Makefile:1221: drivers] Error 2
make[1]: *** Waiting for unfinished jobs....
  CC      fs/notify/fsnotify.o
  CC      sound/usb/6fire/midi.o
  CC      fs/overlayfs/super.o
  CC      kernel/time/posix-timers.o
  CC      kernel/sched/wait_bit.o
  CC      sound/usb/6fire/control.o
  CC      fs/ext4/migrate.o
  CC      fs/notify/notification.o
  CC      sound/usb/6fire/firmware.o
  CC      fs/overlayfs/namei.o
  CC      fs/notify/group.o
  CC      kernel/time/posix-cpu-timers.o
  CC      fs/f2fs/node.o
  CC      fs/ext4/mmp.o
  CC      kernel/sched/swait.o
  CC      sound/usb/6fire/pcm.o
  CC      kernel/trace/trace_seq.o
  CC      fs/overlayfs/util.o
  CC      fs/notify/mark.o
../fs/f2fs/node.c:1964:1: warning: unused label 'write_node' [-Wunused-label]
write_node:
^~~~~~~~~~~
  CC      fs/ext4/move_extent.o
  CC      kernel/trace/trace_stat.o
  AR      sound/usb/6fire/built-in.a
  CC      sound/usb/bcd2000/bcd2000.o
  CC      kernel/time/posix-clock.o
  CC      fs/overlayfs/inode.o
  CC      fs/notify/fdinfo.o
  CC      kernel/sched/completion.o
  AR      sound/usb/bcd2000/built-in.a
  CC      sound/usb/caiaq/device.o
  CC      fs/notify/dnotify/dnotify.o
  CC      fs/overlayfs/file.o
  CC      kernel/trace/trace_printk.o
  CC      fs/ext4/namei.o
  CC      kernel/time/itimer.o
  AR      fs/notify/dnotify/built-in.a
  CC      fs/notify/inotify/inotify_fsnotify.o
  CC      fs/overlayfs/dir.o
  CC      sound/usb/caiaq/audio.o
  CC      kernel/time/clockevents.o
  CC      kernel/sched/stubs.o
  CC      fs/notify/inotify/inotify_user.o
  CC      kernel/trace/trace_sched_switch.o
1 warning generated.
  CC      fs/f2fs/segment.o
  CC      fs/overlayfs/readdir.o
  CC      sound/usb/caiaq/midi.o
  CC      kernel/time/tick-common.o
  CC      kernel/trace/trace_functions.o
  AR      fs/notify/inotify/built-in.a
  AR      fs/notify/built-in.a
  CC      fs/f2fs/recovery.o
  CC      kernel/sched/cpupri.o
  CC      sound/usb/caiaq/control.o
  CC      fs/overlayfs/copy_up.o
../kernel/sched/cpupri.c:133:1: warning: unused label 'retry' [-Wunused-label]
retry:
^~~~~~
  CC      kernel/trace/trace_preemptirq.o
  CC      fs/ext4/page-io.o
  CC      kernel/time/tick-broadcast.o
  CC      sound/usb/caiaq/input.o
1 warning generated.
  CC      kernel/sched/cpudeadline.o
  CC      fs/overlayfs/export.o
  CC      kernel/time/tick-broadcast-hrtimer.o
  CC      kernel/time/sched_clock.o
  CC      fs/ext4/readpage.o
  CC      kernel/trace/trace_irqsoff.o
  AR      sound/usb/caiaq/built-in.a
  CC      sound/usb/hiface/chip.o
  CC      sound/usb/line6/capture.o
  AR      fs/overlayfs/built-in.a
  CC      kernel/time/tick-oneshot.o
  CC      kernel/time/tick-sched.o
  CC      kernel/sched/topology.o
  CC      sound/usb/hiface/pcm.o
  CC      fs/f2fs/shrinker.o
  CC      fs/ext4/resize.o
  CC      sound/usb/line6/driver.o
  CC      kernel/trace/trace_nop.o
  CC      fs/ext4/super.o
  CC      kernel/time/vsyscall.o
  AR      sound/usb/hiface/built-in.a
  CC      kernel/profile.o
  CC      fs/f2fs/extent_cache.o
  CC      kernel/time/timekeeping_debug.o
  CC      kernel/trace/trace_functions_graph.o
  CC      sound/usb/line6/midi.o
  CC      kernel/sched/stop_task.o
  AR      kernel/time/built-in.a
  CC      fs/ext4/symlink.o
  CC      sound/usb/misc/ua101.o
  CC      sound/usb/line6/midibuf.o
  CC      fs/f2fs/sysfs.o
  CC      kernel/trace/blktrace.o
  CC      fs/proc/task_mmu.o
  CC      sound/usb/line6/pcm.o
  CC      sound/usb/line6/playback.o
  CC      kernel/sched/pelt.o
  AR      sound/usb/misc/built-in.a
  CC      kernel/stacktrace.o
  CC      fs/f2fs/debug.o
  CC      fs/pstore/inode.o
  CC      sound/usb/line6/pod.o
  CC      fs/proc/inode.o
  CC      fs/pstore/platform.o
  CC      kernel/sched/walt.o
  CC      fs/ext4/sysfs.o
  CC      kernel/trace/trace_events.o
  CC      sound/usb/line6/podhd.o
  CC      fs/proc/root.o
  CC      fs/f2fs/xattr.o
  CC      fs/pstore/pmsg.o
  CC      sound/usb/line6/toneport.o
  CC      fs/f2fs/acl.o
  CC      fs/proc/base.o
  CC      fs/pstore/ram.o
  CC      sound/usb/line6/variax.o
  CC      fs/f2fs/verity.o
  CC      fs/quota/dquot.o
  CC      fs/pstore/ram_core.o
  AR      sound/usb/line6/built-in.a
  CC      sound/usb/usb_audio_qmi_v01.o
  CC      sound/usb/usb_audio_qmi_svc.o
  CC      kernel/trace/trace_export.o
  AR      fs/f2fs/built-in.a
  CC      fs/ramfs/inode.o
  AR      fs/pstore/built-in.a
  CC      kernel/trace/trace_event_perf.o
  CC      fs/proc/generic.o
  CC      fs/quota/quota_v2.o
  CC      fs/ramfs/file-mmu.o
  AR      sound/usb/built-in.a
  AR      sound/built-in.a
  CC      fs/ext4/xattr.o
  CC      fs/proc/array.o
  AR      fs/ramfs/built-in.a
  CC      kernel/futex.o
  CC      kernel/sched/boost.o
  CC      kernel/trace/trace_events_filter.o
  CC      fs/quota/quota_tree.o
  CC      kernel/sched/sched_avg.o
  CC      fs/sdcardfs/dentry.o
  CC      fs/proc/fd.o
  CC      fs/quota/quota.o
  CC      fs/sdcardfs/file.o
  CC      kernel/sched/autogroup.o
  CC      fs/proc/proc_tty.o
  CC      fs/sdcardfs/inode.o
  CC      kernel/trace/trace_events_trigger.o
  CC      fs/sysfs/file.o
  CC      fs/ext4/xattr_trusted.o
  CC      fs/quota/kqid.o
  CC      fs/proc/cmdline.o
  CC      fs/sdcardfs/main.o
  CC      fs/proc/consoles.o
  CC      fs/quota/netlink.o
  CC      kernel/trace/bpf_trace.o
  CC      fs/ext4/xattr_user.o
  CC      kernel/sched/stats.o
  CC      fs/sysfs/dir.o
  CC      fs/proc/cpuinfo.o
  CC      fs/sdcardfs/super.o
  CC      fs/ext4/acl.o
  CC      fs/tracefs/inode.o
  CC      fs/sysfs/symlink.o
  AR      fs/quota/built-in.a
  CC      kernel/smp.o
  CC      fs/proc/devices.o
  CC      kernel/sched/debug.o
  CC      fs/sdcardfs/lookup.o
  CC      fs/proc/interrupts.o
  CC      fs/ext4/xattr_security.o
  AR      fs/tracefs/built-in.a
  CC      fs/proc/loadavg.o
  CC      fs/sysfs/mount.o
  CC      kernel/trace/trace_kprobe.o
  CC      fs/sdcardfs/mmap.o
  CC      fs/sysfs/group.o
  CC      fs/proc/meminfo.o
  CC      fs/ext4/verity.o
  CC      fs/sdcardfs/packagelist.o
  CC      fs/verity/enable.o
  AR      fs/sysfs/built-in.a
  CC      fs/sdcardfs/derived_perm.o
  CC      fs/proc/stat.o
  CC      fs/proc/uptime.o
  CC      kernel/sched/tune.o
  AR      fs/ext4/built-in.a
  CC      kernel/trace/power-traces.o
  CC      kernel/uid16.o
  CC      fs/verity/hash_algs.o
  CC      fs/proc/util.o
  CC      kernel/module.o
  CC      fs/proc/version.o
  CC      fs/proc/softirqs.o
  CC      fs/verity/init.o
  CC      fs/eventpoll.o
  AR      fs/sdcardfs/built-in.a
  CC      kernel/trace/rpm-traces.o
  CC      kernel/sched/cpuacct.o
  CC      fs/proc/namespaces.o
  CC      fs/verity/measure.o
  CC      kernel/trace/trace_probe.o
  CC      fs/proc/self.o
  CC      fs/verity/open.o
  CC      fs/anon_inodes.o
  CC      kernel/module_signing.o
  CC      kernel/sched/cpufreq.o
  CC      fs/proc/thread_self.o
  CC      kernel/trace/trace_uprobe.o
  CC      kernel/sched/cpufreq_schedutil.o
  CC      fs/verity/verify.o
  CC      kernel/sched/membarrier.o
  CC      fs/proc/proc_sysctl.o
  CC      kernel/kallsyms.o
  CC      fs/verity/signature.o
  CC      kernel/trace/msm_rtb.o
  CC      fs/proc/proc_net.o
  CC      fs/signalfd.o
  CC      kernel/sched/isolation.o
  CC      fs/proc/kmsg.o
  CC      kernel/compat.o
  CC      fs/timerfd.o
  AR      fs/verity/built-in.a
  CC      kernel/trace/ipc_logging.o
  CC      fs/proc/page.o
  CC      kernel/sched/core_ctl.o
  CC      kernel/trace/ipc_logging_debug.o
  CC      kernel/sched/psi.o
  CC      kernel/utsname.o
  CC      fs/eventfd.o
  AR      fs/proc/built-in.a
  CHK     kernel/kheaders_data.tar.xz
  CC      fs/aio.o
  CC      kernel/stop_machine.o
  AR      kernel/trace/built-in.a
  CC      kernel/audit.o
  GEN     kernel/kheaders_data.tar.xz
  CC      fs/locks.o
  CC      kernel/auditfilter.o
  CC      fs/compat.o
  CC      kernel/auditsc.o
  CC      fs/compat_ioctl.o
  AR      kernel/sched/built-in.a
  CC      kernel/audit_watch.o
  CC      kernel/audit_fsnotify.o
  CC      fs/binfmt_script.o
  CC      kernel/audit_tree.o
  CC      fs/binfmt_elf.o
  CC      fs/compat_binfmt_elf.o
  CC      kernel/kprobes.o
  CC      kernel/hung_task.o
  CC      fs/mbcache.o
  CC      kernel/watchdog.o
  CC      fs/posix_acl.o
  CC      kernel/seccomp.o
  CC      fs/coredump.o
  CC      fs/drop_caches.o
  CC      kernel/relay.o
  CC      fs/iomap.o
  CC      kernel/utsname_sysctl.o
  CC      kernel/taskstats.o
  CC      fs/dcookies.o
  CC      kernel/tsacct.o
  CC      kernel/tracepoint.o
  CC      kernel/irq_work.o
  CC      kernel/cpu_pm.o
  CC      kernel/iomem.o
  CC      kernel/rseq.o
  CC      kernel/configs.o
  AR      fs/built-in.a
  CC      kernel/kheaders.o
  AR      kernel/built-in.a
make: *** [Makefile:153: sub-make] Error 2
